bun : $ turbo build --no-color
At line:1 char:1
+ bun run build --no-color > build_output.txt 2>&1; Get-Content build_o ...
+ ~~~~~~~~~~~~~~~~~~~~~~~~~~~~~~~~~~~~~~~~~~~~~~~~
    + CategoryInfo          : NotSpecified: ($ turbo build --no-color:String)  
   [], RemoteException
    + FullyQualifiedErrorId : NativeCommandError
 
ΓÇó turbo 2.9.3

   ΓÇó Packages in scope: @habitutor/api, @habitutor/auth, @habitutor/config, @habitutor/db, @habitutor/shared, server, web
   ΓÇó Running build in 7 packages
   ΓÇó Remote caching disabled

@habitutor/shared:build: cache hit, replaying logs 2ac88276033fc23b
@habitutor/shared:build: $ tsdown
@habitutor/shared:build: Γä╣ tsdown v0.21.7 powered by rolldown v1.0.0-rc.12
@habitutor/shared:build: Γä╣ config file: D:\Projek\Habitutor\website\packages\shared\tsdown.config.ts 
@habitutor/shared:build: Γä╣ entry: src\auth-domain.ts, src\content-access.ts, src\date.ts, src\logger.ts, src\roles.ts, src\youtube.ts, src\types\midtrans-client.d.ts, src\types\practice-pack.ts
@habitutor/shared:build: Γä╣ tsconfig: tsconfig.json
@habitutor/shared:build: Γä╣ Build start
@habitutor/shared:build: Γä╣ Cleaning 31 files
@habitutor/shared:build: Γä╣ dist\content-access.mjs               2.02 kB Γöé gzip: 0.68 kB
@habitutor/shared:build: Γä╣ dist\logger.mjs                       1.25 kB Γöé gzip: 0.58 kB
@habitutor/shared:build: Γä╣ dist\auth-domain.mjs                  0.42 kB Γöé gzip: 0.26 kB
@habitutor/shared:build: Γä╣ dist\youtube.mjs                      0.28 kB Γöé gzip: 0.23 kB
@habitutor/shared:build: Γä╣ dist\date.mjs                         0.23 kB Γöé gzip: 0.19 kB
@habitutor/shared:build: Γä╣ dist\roles.mjs                        0.14 kB Γöé gzip: 0.14 kB
@habitutor/shared:build: Γä╣ dist\types\practice-pack.mjs          0.01 kB Γöé gzip: 0.03 kB
@habitutor/shared:build: Γä╣ dist\content-access.mjs.map           2.88 kB Γöé gzip: 0.93 kB
@habitutor/shared:build: Γä╣ dist\logger.mjs.map                   2.85 kB Γöé gzip: 1.09 kB
@habitutor/shared:build: Γä╣ dist\types\midtrans-client.d.mts.map  0.90 kB Γöé gzip: 0.45 kB
@habitutor/shared:build: Γä╣ dist\auth-domain.mjs.map              0.84 kB Γöé gzip: 0.42 kB
@habitutor/shared:build: Γä╣ dist\youtube.mjs.map                  0.47 kB Γöé gzip: 0.35 kB
@habitutor/shared:build: Γä╣ dist\logger.d.mts.map                 0.42 kB Γöé gzip: 0.22 kB
@habitutor/shared:build: Γä╣ dist\date.mjs.map                     0.38 kB Γöé gzip: 0.26 kB
@habitutor/shared:build: Γä╣ dist\types\practice-pack.d.mts.map    0.31 kB Γöé gzip: 0.19 kB
@habitutor/shared:build: Γä╣ dist\roles.mjs.map                    0.30 kB Γöé gzip: 0.22 kB
@habitutor/shared:build: Γä╣ dist\content-access.d.mts.map         0.29 kB Γöé gzip: 0.18 kB
@habitutor/shared:build: Γä╣ dist\auth-domain.d.mts.map            0.27 kB Γöé gzip: 0.19 kB
@habitutor/shared:build: Γä╣ dist\roles.d.mts.map                  0.17 kB Γöé gzip: 0.14 kB
@habitutor/shared:build: Γä╣ dist\date.d.mts.map                   0.13 kB Γöé gzip: 0.12 kB
@habitutor/shared:build: Γä╣ dist\youtube.d.mts.map                0.12 kB Γöé gzip: 0.12 kB
@habitutor/shared:build: Γä╣ dist\content-access.d.mts             1.86 kB Γöé gzip: 0.62 kB
@habitutor/shared:build: Γä╣ dist\types\midtrans-client.d.mts      0.80 kB Γöé gzip: 0.35 kB
@habitutor/shared:build: Γä╣ dist\types\practice-pack.d.mts        0.60 kB Γöé gzip: 0.29 kB
@habitutor/shared:build: Γä╣ dist\auth-domain.d.mts                0.55 kB Γöé gzip: 0.30 kB
@habitutor/shared:build: Γä╣ dist\logger.d.mts                     0.49 kB Γöé gzip: 0.26 kB
@habitutor/shared:build: Γä╣ dist\roles.d.mts                      0.22 kB Γöé gzip: 0.18 kB
@habitutor/shared:build: Γä╣ dist\youtube.d.mts                    0.17 kB Γöé gzip: 0.15 kB
@habitutor/shared:build: Γä╣ dist\date.d.mts                       0.15 kB Γöé gzip: 0.14 kB
@habitutor/shared:build: Γä╣ 29 files, total: 19.53 kB
@habitutor/shared:build: Γ£ö Build complete in 1341ms
@habitutor/db:build: cache hit, replaying logs 30503843b981efcd
@habitutor/db:build: $ tsdown
@habitutor/db:build: Γä╣ tsdown v0.21.7 powered by rolldown v1.0.0-rc.12
@habitutor/db:build: Γä╣ config file: D:\Projek\Habitutor\website\packages\db\tsdown.config.ts 
@habitutor/db:build: Γä╣ entry: src\index.ts, src\schema\auth.ts, src\schema\dashboard.ts, src\schema\flashcard.ts, src\schema\practice-pack.ts, src\schema\question.ts, src\schema\referral.ts, src\schema\subtest.ts, src\schema\transaction.ts, src\schema\tryout.ts, src\schema\universitas.ts, src\schema\user.ts, src\seed\index.ts, src\seed\subtest.seed.ts
@habitutor/db:build: Γä╣ tsconfig: tsconfig.json
@habitutor/db:build: 
@habitutor/db:build:  WARN  `external` is deprecated. Use `deps.neverBundle` instead.
@habitutor/db:build: 
@habitutor/db:build: Γä╣ Build start
@habitutor/db:build: Γä╣ Cleaning 51 files
@habitutor/db:build: Γä╣ Hint: consider adding deps.onlyBundle option to avoid unintended bundling of dependencies, or set deps.onlyBundle: false to disable this hint.
@habitutor/db:build: See more at https://tsdown.dev/options/dependencies#deps-onlybundle
@habitutor/db:build: Detected dependencies in bundle:
@habitutor/db:build: - postgres-array
@habitutor/db:build: - pg-types
@habitutor/db:build: - postgres-date
@habitutor/db:build: - xtend
@habitutor/db:build: - postgres-interval
@habitutor/db:build: - postgres-bytea
@habitutor/db:build: - pg-int8
@habitutor/db:build: - pg
@habitutor/db:build: - pg-connection-string
@habitutor/db:build: - pg-protocol
@habitutor/db:build: - pg-cloudflare
@habitutor/db:build: - split2
@habitutor/db:build: - pgpass
@habitutor/db:build: - pg-pool
@habitutor/db:build: Γä╣ dist\index.mjs                       145.90 kB Γöé gzip: 33.36 kB
@habitutor/db:build: Γä╣ dist\schema\tryout.mjs                 9.85 kB Γöé gzip:  1.98 kB
@habitutor/db:build: Γä╣ dist\schema\subtest.mjs                5.86 kB Γöé gzip:  1.20 kB
@habitutor/db:build: Γä╣ dist\schema\practice-pack.mjs          3.98 kB Γöé gzip:  1.05 kB
@habitutor/db:build: Γä╣ dist\schema\flashcard.mjs              2.85 kB Γöé gzip:  0.89 kB
@habitutor/db:build: Γä╣ dist\seed\subtest.seed.mjs             2.76 kB Γöé gzip:  1.10 kB
@habitutor/db:build: Γä╣ dist\schema\auth.mjs                   2.60 kB Γöé gzip:  0.78 kB
@habitutor/db:build: Γä╣ dist\schema\referral.mjs               2.18 kB Γöé gzip:  0.72 kB
@habitutor/db:build: Γä╣ dist\schema\dashboard.mjs              2.15 kB Γöé gzip:  0.69 kB
@habitutor/db:build: Γä╣ dist\schema\universitas.mjs            1.72 kB Γöé gzip:  0.63 kB
@habitutor/db:build: Γä╣ dist\schema\transaction.mjs            1.53 kB Γöé gzip:  0.66 kB
@habitutor/db:build: Γä╣ dist\schema\question.mjs               1.25 kB Γöé gzip:  0.55 kB
@habitutor/db:build: Γä╣ dist\schema\user.mjs                   1.13 kB Γöé gzip:  0.53 kB
@habitutor/db:build: Γä╣ dist\seed\index.mjs                    0.91 kB Γöé gzip:  0.49 kB
@habitutor/db:build: Γä╣ dist\index.mjs.map                   272.47 kB Γöé gzip: 66.53 kB
@habitutor/db:build: Γä╣ dist\schema\tryout.mjs.map            16.11 kB Γöé gzip:  3.05 kB
@habitutor/db:build: Γä╣ dist\index.d.mts.map                  12.20 kB Γöé gzip:  0.29 kB
@habitutor/db:build: Γä╣ dist\schema\subtest.mjs.map           11.15 kB Γöé gzip:  2.27 kB
@habitutor/db:build: Γä╣ dist\seed\subtest.seed.mjs.map         6.50 kB Γöé gzip:  2.06 kB
@habitutor/db:build: Γä╣ dist\schema\practice-pack.mjs.map      5.73 kB Γöé gzip:  1.55 kB
@habitutor/db:build: Γä╣ dist\schema\auth.mjs.map               4.30 kB Γöé gzip:  1.09 kB
@habitutor/db:build: Γä╣ dist\schema\flashcard.mjs.map          4.19 kB Γöé gzip:  1.31 kB
@habitutor/db:build: Γä╣ dist\schema\referral.mjs.map           3.40 kB Γöé gzip:  1.03 kB
@habitutor/db:build: Γä╣ dist\schema\dashboard.mjs.map          3.27 kB Γöé gzip:  0.95 kB
@habitutor/db:build: Γä╣ dist\schema\universitas.mjs.map        2.39 kB Γöé gzip:  0.87 kB
@habitutor/db:build: Γä╣ dist\schema\tryout.d.mts.map           2.25 kB Γöé gzip:  0.39 kB
@habitutor/db:build: Γä╣ dist\schema\transaction.mjs.map        2.18 kB Γöé gzip:  0.88 kB
@habitutor/db:build: Γä╣ dist\schema\user.mjs.map               1.99 kB Γöé gzip:  0.82 kB
@habitutor/db:build: Γä╣ dist\schema\question.mjs.map           1.86 kB Γöé gzip:  0.75 kB
@habitutor/db:build: Γä╣ dist\seed\index.mjs.map                1.58 kB Γöé gzip:  0.75 kB
@habitutor/db:build: Γä╣ dist\schema\subtest.d.mts.map          1.57 kB Γöé gzip:  0.37 kB
@habitutor/db:build: Γä╣ dist\chunk-BEJ448es.mjs                1.52 kB Γöé gzip:  0.72 kB
@habitutor/db:build: Γä╣ dist\schema\auth.d.mts.map             0.87 kB Γöé gzip:  0.23 kB
@habitutor/db:build: Γä╣ dist\schema\practice-pack.d.mts.map    0.82 kB Γöé gzip:  0.31 kB
@habitutor/db:build: Γä╣ dist\schema\universitas.d.mts.map      0.52 kB Γöé gzip:  0.22 kB
@habitutor/db:build: Γä╣ dist\schema\flashcard.d.mts.map        0.51 kB Γöé gzip:  0.21 kB
@habitutor/db:build: Γä╣ dist\schema\referral.d.mts.map         0.48 kB Γöé gzip:  0.20 kB
@habitutor/db:build: Γä╣ dist\schema\dashboard.d.mts.map        0.48 kB Γöé gzip:  0.20 kB
@habitutor/db:build: Γä╣ dist\schema\transaction.d.mts.map      0.42 kB Γöé gzip:  0.20 kB
@habitutor/db:build: Γä╣ dist\schema\question.d.mts.map         0.31 kB Γöé gzip:  0.17 kB
@habitutor/db:build: Γä╣ dist\seed\subtest.seed.d.mts.map       0.20 kB Γöé gzip:  0.16 kB
@habitutor/db:build: Γä╣ dist\schema\user.d.mts.map             0.15 kB Γöé gzip:  0.14 kB
@habitutor/db:build: Γä╣ dist\index.d.mts                     357.11 kB Γöé gzip: 14.19 kB
@habitutor/db:build: Γä╣ dist\schema\tryout.d.mts              38.00 kB Γöé gzip:  2.09 kB
@habitutor/db:build: Γä╣ dist\schema\subtest.d.mts             22.70 kB Γöé gzip:  1.43 kB
@habitutor/db:build: Γä╣ dist\schema\auth.d.mts                13.90 kB Γöé gzip:  0.94 kB
@habitutor/db:build: Γä╣ dist\schema\dashboard.d.mts           10.89 kB Γöé gzip:  0.91 kB
@habitutor/db:build: Γä╣ dist\schema\practice-pack.d.mts       10.33 kB Γöé gzip:  1.04 kB
@habitutor/db:build: Γä╣ dist\schema\user.d.mts                 9.28 kB Γöé gzip:  0.81 kB
@habitutor/db:build: Γä╣ dist\schema\flashcard.d.mts            7.54 kB Γöé gzip:  0.84 kB
@habitutor/db:build: Γä╣ dist\schema\transaction.d.mts          6.83 kB Γöé gzip:  0.78 kB
@habitutor/db:build: Γä╣ dist\schema\referral.d.mts             6.18 kB Γöé gzip:  0.74 kB
@habitutor/db:build: Γä╣ dist\schema\universitas.d.mts          6.07 kB Γöé gzip:  0.72 kB
@habitutor/db:build: Γä╣ dist\schema\question.d.mts             5.80 kB Γöé gzip:  0.70 kB
@habitutor/db:build: Γä╣ dist\seed\subtest.seed.d.mts           0.32 kB Γöé gzip:  0.20 kB
@habitutor/db:build: Γä╣ dist\seed\index.d.mts                  0.01 kB Γöé gzip:  0.03 kB
@habitutor/db:build: Γä╣ 56 files, total: 1.04 MB
@habitutor/db:build: [33m[PLUGIN_TIMINGS] Warning:[0m Your build spent significant time in plugins. Here is a breakdown:
@habitutor/db:build:   - tsdown:deps (50%)
@habitutor/db:build:   - rolldown-plugin-dts:generate (39%)
@habitutor/db:build: See https://rolldown.rs/options/checks#plugintimings for more details.
@habitutor/db:build: 
@habitutor/db:build: Γ£ö Build complete in 3292ms
@habitutor/auth:build: cache hit, replaying logs c606452ec4d734c6
@habitutor/auth:build: $ tsdown
@habitutor/auth:build: Γä╣ tsdown v0.21.7 powered by rolldown v1.0.0-rc.12
@habitutor/auth:build: Γä╣ config file: D:\Projek\Habitutor\website\packages\auth\tsdown.config.ts 
@habitutor/auth:build: Γä╣ entry: src\index.ts, src\lib\referral\index.ts, src\lib\templates\reset-password.ts
@habitutor/auth:build: Γä╣ tsconfig: tsconfig.json
@habitutor/auth:build: Γä╣ Build start
@habitutor/auth:build: Γä╣ Cleaning 17 files
@habitutor/auth:build: Γä╣ dist\index.mjs                               4.75 kB Γöé gzip: 1.66 kB
@habitutor/auth:build: Γä╣ dist\lib\templates\reset-password.mjs        1.40 kB Γöé gzip: 0.72 kB
@habitutor/auth:build: Γä╣ dist\lib\referral\index.mjs                  1.05 kB Γöé gzip: 0.61 kB
@habitutor/auth:build: Γä╣ dist\index.mjs.map                           8.49 kB Γöé gzip: 2.59 kB
@habitutor/auth:build: Γä╣ dist\lib\referral\index.mjs.map              1.80 kB Γöé gzip: 0.92 kB
@habitutor/auth:build: Γä╣ dist\lib\templates\reset-password.mjs.map    1.60 kB Γöé gzip: 0.83 kB
@habitutor/auth:build: Γä╣ dist\index.d.mts.map                         0.30 kB Γöé gzip: 0.15 kB
@habitutor/auth:build: Γä╣ dist\lib\referral\index.d.mts.map            0.17 kB Γöé gzip: 0.15 kB
@habitutor/auth:build: Γä╣ dist\lib\templates\reset-password.d.mts.map  0.17 kB Γöé gzip: 0.15 kB
@habitutor/auth:build: Γä╣ dist\index.d.mts                             3.89 kB Γöé gzip: 1.02 kB
@habitutor/auth:build: Γä╣ dist\lib\templates\reset-password.d.mts      0.24 kB Γöé gzip: 0.17 kB
@habitutor/auth:build: Γä╣ dist\lib\referral\index.d.mts                0.24 kB Γöé gzip: 0.18 kB
@habitutor/auth:build: Γä╣ 12 files, total: 24.12 kB
@habitutor/auth:build: Γ£ö Build complete in 2424ms
@habitutor/api:build: cache hit, replaying logs 854644a2d1c460f5
@habitutor/api:build: $ tsdown
@habitutor/api:build: [34mΓä╣[39m [34mtsdown v0.21.7[39m powered by [38;2;255;126;23mrolldown v1.0.0-rc.12[39m
@habitutor/api:build: [34mΓä╣[39m config file: [4mD:\Projek\Habitutor\website\packages\api\tsdown.config.ts[24m 
@habitutor/api:build: [34mΓä╣[39m entry: [34msrc/index.ts, src/context.ts, src/routers/index.ts[39m
@habitutor/api:build: [34mΓä╣[39m tsconfig: [34mtsconfig.json[39m
@habitutor/api:build: [34mΓä╣[39m Build start
@habitutor/api:build: [34mΓä╣[39m [2mdist\[22m[1mrouters\index.mjs[22m        [2m192.78 kB[22m [2mΓöé gzip: 36.71 kB[22m
@habitutor/api:build: [34mΓä╣[39m [2mdist\[22m[1mcontext.mjs[22m              [2m  1.11 kB[22m [2mΓöé gzip:  0.57 kB[22m
@habitutor/api:build: [34mΓä╣[39m [2mdist\[22m[1mindex.mjs[22m                [2m  0.17 kB[22m [2mΓöé gzip:  0.13 kB[22m
@habitutor/api:build: [34mΓä╣[39m [2mdist\[22mrouters\index.mjs.map    [2m423.89 kB[22m [2mΓöé gzip: 71.03 kB[22m
@habitutor/api:build: [34mΓä╣[39m [2mdist\[22mrouters\index.d.mts.map  [2m111.11 kB[22m [2mΓöé gzip:  1.17 kB[22m
@habitutor/api:build: [34mΓä╣[39m [2mdist\[22msrc-Gjfv1Ll1.mjs.map     [2m 43.29 kB[22m [2mΓöé gzip: 10.50 kB[22m
@habitutor/api:build: [34mΓä╣[39m [2mdist\[22msrc-Gjfv1Ll1.mjs         [2m 20.66 kB[22m [2mΓöé gzip:  5.59 kB[22m
@habitutor/api:build: [34mΓä╣[39m [2mdist\[22mindex.d.mts.map          [2m  2.88 kB[22m [2mΓöé gzip:  0.20 kB[22m
@habitutor/api:build: [34mΓä╣[39m [2mdist\[22mcontext.mjs.map          [2m  2.49 kB[22m [2mΓöé gzip:  1.02 kB[22m
@habitutor/api:build: [34mΓä╣[39m [2mdist\[22mcontext.d.mts.map        [2m  0.29 kB[22m [2mΓöé gzip:  0.18 kB[22m
@habitutor/api:build: [34mΓä╣[39m [2mdist\[22m[32m[1mrouters\index.d.mts[22m[39m      [2m  3.30 MB[22m
@habitutor/api:build: [34mΓä╣[39m [2mdist\[22m[32m[1mindex.d.mts[22m[39m              [2m 96.19 kB[22m [2mΓöé gzip:  1.71 kB[22m
@habitutor/api:build: [34mΓä╣[39m [2mdist\[22m[32m[1mcontext.d.mts[22m[39m            [2m  2.14 kB[22m [2mΓöé gzip:  0.56 kB[22m
@habitutor/api:build: [34mΓä╣[39m 13 files, total: 4.19 MB
@habitutor/api:build: [33m[PLUGIN_TIMINGS] Warning:[0m Your build spent significant time in plugins. Here is a breakdown:
@habitutor/api:build:   - rolldown-plugin-dts:generate (50%)
@habitutor/api:build:   - tsdown:deps (34%)
@habitutor/api:build: See https://rolldown.rs/options/checks#plugintimings for more details.
@habitutor/api:build: 
@habitutor/api:build: [32mΓ£ö[39m Build complete in [32m8414ms[39m
server:build: cache hit, replaying logs 49c4f0eac182a845
server:build: $ bun build --production --target=bun --minify --sourcemap --bytecode ./src/index.ts --outdir ./dist
server:build: Bundled 1562 modules in 2978ms
server:build: 
server:build:   index.js      2.45 MB   (entry point)
server:build:   index.js.map  8.87 MB   (source map)
server:build:   index.js.jsc  25.85 MB  (bytecode)
server:build: 
web:build: cache hit, replaying logs 4a039f5317cf0e3f
web:build: $ bun --bun vite build
web:build: Warning: Route file "D:/Projek/Habitutor/website/apps/web/src/routes/_auth/auth-routing.ts" does not export a Route. This file will not be included in the route tree.
web:build: 
web:build: If this file is not intended to be a route, you can exclude it using one of these options:
web:build:   1. Rename the file to "D:\Projek\Habitutor\website\apps\web\src\routes\_auth\-auth-routing.ts" (prefix with "-")
web:build:   2. Use 'routeFileIgnorePattern' in your config to match this file
web:build: 
web:build: Current configuration:
web:build:   routeFileIgnorePrefix: "-"
web:build:   routeFileIgnorePattern: undefined
web:build: Warning: Route file "D:/Projek/Habitutor/website/apps/web/src/routes/_auth/register-form.tsx" does not export a Route. This file will not be included in the route tree.
web:build: 
web:build: If this file is not intended to be a route, you can exclude it using one of these options:
web:build:   1. Rename the file to "D:\Projek\Habitutor\website\apps\web\src\routes\_auth\-register-form.tsx" (prefix with "-")
web:build:   2. Use 'routeFileIgnorePattern' in your config to match this file
web:build: 
web:build: Current configuration:
web:build:   routeFileIgnorePrefix: "-"
web:build:   routeFileIgnorePattern: undefined
web:build: Warning: Route file "D:/Projek/Habitutor/website/apps/web/src/routes/admin/questions/question-edit-helpers.ts" does not export a Route. This file will not be included in the route tree.
web:build: 
web:build: If this file is not intended to be a route, you can exclude it using one of these options:
web:build:   1. Rename the file to "D:\Projek\Habitutor\website\apps\web\src\routes\admin\questions\-question-edit-helpers.ts" (prefix with "-")
web:build:   2. Use 'routeFileIgnorePattern' in your config to match this file
web:build: 
web:build: Current configuration:
web:build:   routeFileIgnorePrefix: "-"
web:build:   routeFileIgnorePattern: undefined
web:build: Warning: Route file "D:/Projek/Habitutor/website/apps/web/src/routes/_authenticated/premium/premium-payment.ts" does not export a Route. This file will not be included in the route tree.
web:build: 
web:build: If this file is not intended to be a route, you can exclude it using one of these options:
web:build:   1. Rename the file to "D:\Projek\Habitutor\website\apps\web\src\routes\_authenticated\premium\-premium-payment.ts" (prefix with "-")
web:build:   2. Use 'routeFileIgnorePattern' in your config to match this file
web:build: 
web:build: Current configuration:
web:build:   routeFileIgnorePrefix: "-"
web:build:   routeFileIgnorePattern: undefined
web:build: Warning: Route file "D:/Projek/Habitutor/website/apps/web/src/routes/_authenticated/dashboard/social-access.ts" does not export a Route. This file will not be included in the route tree.
web:build: 
web:build: If this file is not intended to be a route, you can exclude it using one of these options:
web:build:   1. Rename the file to "D:\Projek\Habitutor\website\apps\web\src\routes\_authenticated\dashboard\-social-access.ts" (prefix with "-")
web:build:   2. Use 'routeFileIgnorePattern' in your config to match this file
web:build: 
web:build: Current configuration:
web:build:   routeFileIgnorePrefix: "-"
web:build:   routeFileIgnorePattern: undefined
web:build: Warning: Route file "D:/Projek/Habitutor/website/apps/web/src/routes/_auth/auth-routing.test.ts" does not export a Route. This file will not be included in the route tree.
web:build: 
web:build: If this file is not intended to be a route, you can exclude it using one of these options:
web:build:   1. Rename the file to "D:\Projek\Habitutor\website\apps\web\src\routes\_auth\-auth-routing.test.ts" (prefix with "-")
web:build:   2. Use 'routeFileIgnorePattern' in your config to match this file
web:build: 
web:build: Current configuration:
web:build:   routeFileIgnorePrefix: "-"
web:build:   routeFileIgnorePattern: undefined
web:build: Warning: Route file "D:/Projek/Habitutor/website/apps/web/src/routes/_authenticated/latihan-soal/riwayat/index.test.ts" does not export a Route. This file will not be included in the route tree.
web:build: 
web:build: If this file is not intended to be a route, you can exclude it using one of these options:
web:build:   1. Rename the file to "D:\Projek\Habitutor\website\apps\web\src\routes\_authenticated\latihan-soal\riwayat\-index.test.ts" (prefix with "-")
web:build:   2. Use 'routeFileIgnorePattern' in your config to match this file
web:build: 
web:build: Current configuration:
web:build:   routeFileIgnorePrefix: "-"
web:build:   routeFileIgnorePattern: undefined
web:build: Warning: Route file "D:/Projek/Habitutor/website/apps/web/src/routes/_authenticated/latihan-soal/riwayat/$id.test.ts" does not export a Route. This file will not be included in the route tree.
web:build: 
web:build: If this file is not intended to be a route, you can exclude it using one of these options:
web:build:   1. Rename the file to "D:\Projek\Habitutor\website\apps\web\src\routes\_authenticated\latihan-soal\riwayat\-$id.test.ts" (prefix with "-")
web:build:   2. Use 'routeFileIgnorePattern' in your config to match this file
web:build: 
web:build: Current configuration:
web:build:   routeFileIgnorePrefix: "-"
web:build:   routeFileIgnorePattern: undefined
web:build: WARNING: Invalid param name "id-detail-view" in route "/_authenticated/latihan-soal/riwayat/$id-detail-view" (file: _authenticated/latihan-soal/riwayat/$id-detail-view.tsx). Param names must be valid JavaScript identifiers (match /[a-zA-Z_$][a-zA-Z0-9_$]*/).
web:build: Warning: Route file "D:/Projek/Habitutor/website/apps/web/src/routes/_authenticated/latihan-soal/riwayat/$id-detail-view.tsx" does not export a Route. This file will not be included in the route tree.
web:build: 
web:build: If this file is not intended to be a route, you can exclude it using one of these options:
web:build:   1. Rename the file to "D:\Projek\Habitutor\website\apps\web\src\routes\_authenticated\latihan-soal\riwayat\-$id-detail-view.tsx" (prefix with "-")
web:build:   2. Use 'routeFileIgnorePattern' in your config to match this file
web:build: 
web:build: Current configuration:
web:build:   routeFileIgnorePrefix: "-"
web:build:   routeFileIgnorePattern: undefined
web:build: Warning: Route file "D:/Projek/Habitutor/website/apps/web/src/routes/admin/classes/$shortName/content-dialogs.tsx" does not export a Route. This file will not be included in the route tree.
web:build: 
web:build: If this file is not intended to be a route, you can exclude it using one of these options:
web:build:   1. Rename the file to "D:\Projek\Habitutor\website\apps\web\src\routes\admin\classes\$shortName\-content-dialogs.tsx" (prefix with "-")
web:build:   2. Use 'routeFileIgnorePattern' in your config to match this file
web:build: 
web:build: Current configuration:
web:build:   routeFileIgnorePrefix: "-"
web:build:   routeFileIgnorePattern: undefined
web:build: Warning: Route file "D:/Projek/Habitutor/website/apps/web/src/routes/_authenticated/dashboard/social-access.test.ts" does not export a Route. This file will not be included in the route tree.
web:build: 
web:build: If this file is not intended to be a route, you can exclude it using one of these options:
web:build:   1. Rename the file to "D:\Projek\Habitutor\website\apps\web\src\routes\_authenticated\dashboard\-social-access.test.ts" (prefix with "-")
web:build:   2. Use 'routeFileIgnorePattern' in your config to match this file
web:build: 
web:build: Current configuration:
web:build:   routeFileIgnorePrefix: "-"
web:build:   routeFileIgnorePattern: undefined
web:build: Warning: Route file "D:/Projek/Habitutor/website/apps/web/src/routes/admin/classes/$shortName/$contentId.latihan-soal-view.tsx" does not export a Route. This file will not be included in the route tree.
web:build: 
web:build: If this file is not intended to be a route, you can exclude it using one of these options:
web:build:   1. Rename the file to "D:\Projek\Habitutor\website\apps\web\src\routes\admin\classes\$shortName\-$contentId.latihan-soal-view.tsx" (prefix with "-")
web:build:   2. Use 'routeFileIgnorePattern' in your config to match this file
web:build: 
web:build: Current configuration:
web:build:   routeFileIgnorePrefix: "-"
web:build:   routeFileIgnorePattern: undefined
web:build: [36mvite v8.0.3 [32mbuilding client environment for production...[36m[39m
web:build: [2K
web:build: transforming...Γ£ô 6918 modules transformed.
web:build: rendering chunks...
web:build: computing gzip size...
web:build: .output/public/assets/plus-jakarta-sans-vietnamese-wght-normal-qRpaaN48.woff2    8.35 kB
web:build: .output/public/assets/plus-jakarta-sans-latin-ext-wght-normal-DmpS2jIq.woff2    21.72 kB
web:build: .output/public/assets/plus-jakarta-sans-latin-wght-normal-eXO_dkmS.woff2        27.34 kB
web:build: .output/public/assets/renderer-C6vjJsOO.css                                      1.56 kB Γöé gzip:   0.56 kB
web:build: .output/public/assets/simple-editor-Cfvi3RfU.css                                57.73 kB Γöé gzip:   7.38 kB
web:build: .output/public/assets/index-JDOUPftA.css                                       172.91 kB Γöé gzip:  31.28 kB
web:build: .output/public/assets/auth-domain-DSk6Ktic.js                                    0.08 kB Γöé gzip:   0.10 kB
web:build: .output/public/assets/elements-CMlvrba6.js                                       0.17 kB Γöé gzip:   0.14 kB
web:build: .output/public/assets/dist-ZtSTQO19.js                                           0.19 kB Γöé gzip:   0.17 kB
web:build: .output/public/assets/use-debounce-value-CYN9srX0.js                             0.22 kB Γöé gzip:   0.18 kB
web:build: .output/public/assets/_auth-Dt62v9zB.js                                          0.24 kB Γöé gzip:   0.20 kB
web:build: .output/public/assets/skeleton-DX--jsLS.js                                       0.24 kB Γöé gzip:   0.20 kB
web:build: .output/public/assets/dist-CdvEqbCW.js                                           0.25 kB Γöé gzip:   0.22 kB
web:build: .output/public/assets/dist-CV5-_btl.js                                           0.25 kB Γöé gzip:   0.18 kB
web:build: .output/public/assets/avatar-APR02uWA.js                                         0.26 kB Γöé gzip:   0.17 kB
web:build: .output/public/assets/api-base-url-CTxbDZz9.js                                   0.28 kB Γöé gzip:   0.17 kB
web:build: .output/public/assets/auth-session-vQNOrTBj.js                                   0.33 kB Γöé gzip:   0.25 kB
web:build: .output/public/assets/use-mobile-COOUCwbm.js                                     0.34 kB Γöé gzip:   0.25 kB
web:build: .output/public/assets/useLocation-Bu0Appgb.js                                    0.37 kB Γöé gzip:   0.26 kB
web:build: .output/public/assets/use-is-breakpoint-DW-esV_7.js                              0.37 kB Γöé gzip:   0.27 kB
web:build: .output/public/assets/dist-BL_WlQYY.js                                           0.41 kB Γöé gzip:   0.27 kB
web:build: .output/public/assets/back-button-CqYUwk_E.js                                    0.44 kB Γöé gzip:   0.29 kB
web:build: .output/public/assets/dist-osud5Rr4.js                                           0.50 kB Γöé gzip:   0.35 kB
web:build: .output/public/assets/dist-_LkynmuZ.js                                           0.56 kB Γöé gzip:   0.35 kB
web:build: .output/public/assets/renderer-BLAi0m_V.js                                       0.63 kB Γöé gzip:   0.43 kB
web:build: .output/public/assets/label-BNIfGfpn.js                                          0.71 kB Γöé gzip:   0.44 kB
web:build: .output/public/assets/use-payment-status-CKaHvWf6.js                             0.71 kB Γöé gzip:   0.38 kB
web:build: .output/public/assets/lazy-tiptap-simple-editor-BtyBIUBn.js                      0.73 kB Γöé gzip:   0.40 kB
web:build: .output/public/assets/textarea-oVGS6L_U.js                                       0.73 kB Γöé gzip:   0.42 kB
web:build: .output/public/assets/separator-BEVMRD8m.js                                      0.84 kB Γöé gzip:   0.44 kB
web:build: .output/public/assets/input-4V2eEItG.js                                          0.84 kB Γöé gzip:   0.46 kB
web:build: .output/public/assets/card-DccYrNma.js                                           1.10 kB Γöé gzip:   0.44 kB
web:build: .output/public/assets/search-input-DdN0Ihrj.js                                   1.11 kB Γöé gzip:   0.64 kB
web:build: .output/public/assets/classes-BUJcFfAS.js                                        1.12 kB Γöé gzip:   0.56 kB
web:build: .output/public/assets/finish-CZn39vW2.js                                         1.18 kB Γöé gzip:   0.67 kB
web:build: .output/public/assets/unfinish-B608IhGu.js                                       1.22 kB Γöé gzip:   0.63 kB
web:build: .output/public/assets/badge-CJHwhVkH.js                                          1.24 kB Γöé gzip:   0.60 kB
web:build: .output/public/assets/table-DIMTQNRG.js                                          1.25 kB Γöé gzip:   0.49 kB
web:build: .output/public/assets/seo-utils-C-JNXwG2.js                                      1.28 kB Γöé gzip:   0.59 kB
web:build: .output/public/assets/classes-BqJsUm00.js                                        1.29 kB Γöé gzip:   0.63 kB
web:build: .output/public/assets/CaretLeft.es-CYvnJVeV.js                                   1.35 kB Γöé gzip:   0.55 kB
web:build: .output/public/assets/CaretDown.es-3fcBgddH.js                                   1.40 kB Γöé gzip:   0.57 kB
web:build: .output/public/assets/CaretRight.es-bg0-A4J5.js                                  1.43 kB Γöé gzip:   0.57 kB
web:build: .output/public/assets/_contentId-RdvK_kEU.js                                     1.46 kB Γöé gzip:   0.71 kB
web:build: .output/public/assets/ArrowRight.es-wN6J8zNU.js                                  1.58 kB Γöé gzip:   0.63 kB
web:build: .output/public/assets/Plus.es-DbUxs2gH.js                                        1.58 kB Γöé gzip:   0.59 kB
web:build: .output/public/assets/Check.es-Ck2AYosr.js                                       1.58 kB Γöé gzip:   0.60 kB
web:build: .output/public/assets/ArrowLeft.es-CK2SyNpg.js                                   1.59 kB Γöé gzip:   0.63 kB
web:build: .output/public/assets/motion-components-ihT9joiE.js                              1.62 kB Γöé gzip:   0.79 kB
web:build: .output/public/assets/MagnifyingGlass.es-CYAjVyV4.js                             1.68 kB Γöé gzip:   0.69 kB
web:build: .output/public/assets/_contentId.notes-Dfs-9Vvr.js                               1.70 kB Γöé gzip:   0.80 kB
web:build: .output/public/assets/DotsThree.es-CR2yApwP.js                                   1.71 kB Γöé gzip:   0.56 kB
web:build: .output/public/assets/List.es-BS1QaG3N.js                                        1.73 kB Γöé gzip:   0.56 kB
web:build: .output/public/assets/auth-routing-CmbbYspu.js                                   1.76 kB Γöé gzip:   0.74 kB
web:build: .output/public/assets/dist-DRMKDaV-.js                                           1.80 kB Γöé gzip:   0.83 kB
web:build: .output/public/assets/Clock.es-JBl0cWGp.js                                       1.85 kB Γöé gzip:   0.66 kB
web:build: .output/public/assets/dashboard-RfiEA4yB.js                                      1.90 kB Γöé gzip:   0.84 kB
web:build: .output/public/assets/X.es-D4-HMwHT.js                                           1.98 kB Γöé gzip:   0.68 kB
web:build: .output/public/assets/Cards.es-Cdk-d6Ty.js                                       2.04 kB Γöé gzip:   0.70 kB
web:build: .output/public/assets/_shortName-CXVR_WSm.js                                     2.07 kB Γöé gzip:   1.00 kB
web:build: .output/public/assets/User.es-DwC4Vjye.js                                        2.16 kB Γöé gzip:   0.87 kB
web:build: .output/public/assets/_contentId.video-wW5N4DWk.js                               2.17 kB Γöé gzip:   0.97 kB
web:build: .output/public/assets/dropdown-menu-DFJA1_kG.js                                  2.19 kB Γöé gzip:   0.84 kB
web:build: .output/public/assets/useMutation-Bzzllhbp.js                                    2.25 kB Γöé gzip:   0.93 kB
web:build: .output/public/assets/CalendarBlank.es-BWufQyN2.js                               2.26 kB Γöé gzip:   0.72 kB
web:build: .output/public/assets/dashboard-layout-DNLzNrR_.js                               2.27 kB Γöé gzip:   1.08 kB
web:build: .output/public/assets/dialog-DXObPDAk.js                                         2.42 kB Γöé gzip:   0.90 kB
web:build: .output/public/assets/sheet-MoO2h85_.js                                          2.43 kB Γöé gzip:   0.87 kB
web:build: .output/public/assets/create-CBJmGm0Z.js                                         2.45 kB Γöé gzip:   1.08 kB
web:build: .output/public/assets/collapsible-TUejpq39.js                                    2.49 kB Γöé gzip:   1.04 kB
web:build: .output/public/assets/PencilSimple.es-d6I6AT19.js                                2.50 kB Γöé gzip:   0.91 kB
web:build: .output/public/assets/is-admin-CP5tONX7.js                                       2.53 kB Γöé gzip:   0.91 kB
web:build: .output/public/assets/Trash.es-OxyXaAcK.js                                       2.59 kB Γöé gzip:   0.81 kB
web:build: .output/public/assets/BookOpen.es-BKV8Cahh.js                                    2.61 kB Γöé gzip:   0.88 kB
web:build: .output/public/assets/Ticket.es-DtOe1MRi.js                                      2.63 kB Γöé gzip:   0.84 kB
web:build: .output/public/assets/switch-BvGQSsQf.js                                         2.64 kB Γöé gzip:   1.30 kB
web:build: .output/public/assets/_contentId.latihan-soal-BEU1K0i_.js                        2.66 kB Γöé gzip:   1.12 kB
web:build: .output/public/assets/riwayat-D_MshqFF.js                                        2.69 kB Γöé gzip:   1.09 kB
web:build: .output/public/assets/Question.es-BuANZSjF.js                                    2.78 kB Γöé gzip:   1.06 kB
web:build: .output/public/assets/Pencil.es-sdw7mFoH.js                                      2.80 kB Γöé gzip:   1.00 kB
web:build: .output/public/assets/_id-CC6vjKCu.js                                            2.85 kB Γöé gzip:   1.27 kB
web:build: .output/public/assets/FloppyDisk.es-BR12vp_3.js                                  2.96 kB Γöé gzip:   0.92 kB
web:build: .output/public/assets/error-DPJh7Foz.js                                          3.01 kB Γöé gzip:   1.20 kB
web:build: .output/public/assets/reset-password-CFT0ZNGS.js                                 3.05 kB Γöé gzip:   1.19 kB
web:build: .output/public/assets/create-DWlQcz5E.js                                         3.07 kB Γöé gzip:   1.25 kB
web:build: .output/public/assets/Users.es-BeHEkgJG.js                                       3.18 kB Γöé gzip:   1.14 kB
web:build: .output/public/assets/Package.es-C-jXSbCz.js                                     3.25 kB Γöé gzip:   1.12 kB
web:build: .output/public/assets/session-BJs4H9xN.js                                        3.26 kB Γöé gzip:   1.28 kB
web:build: .output/public/assets/tabs-BRbGCc_Q.js                                           3.34 kB Γöé gzip:   1.47 kB
web:build: .output/public/assets/_contentId.notes-DnPt_Qqm.js                               3.37 kB Γöé gzip:   1.37 kB
web:build: .output/public/assets/_id-6A5LNI3M.js                                            3.54 kB Γöé gzip:   1.36 kB
web:build: .output/public/assets/data-Bn5pdNJC.js                                           3.59 kB Γöé gzip:   0.76 kB
web:build: .output/public/assets/tryout-f3cVVC0j.js                                         3.77 kB Γöé gzip:   1.53 kB
web:build: .output/public/assets/ListNumbers.es-kOOF0QGi.js                                 4.05 kB Γöé gzip:   1.38 kB
web:build: .output/public/assets/login-fQNiMrN2.js                                          4.07 kB Γöé gzip:   1.60 kB
web:build: .output/public/assets/atom-C_SgPBBB.js                                           4.11 kB Γöé gzip:   1.61 kB
web:build: .output/public/assets/_contentId-B1KkgeRd.js                                     4.23 kB Γöé gzip:   1.76 kB
web:build: .output/public/assets/Eye.es-WS_Y-xTY.js                                         4.24 kB Γöé gzip:   1.45 kB
web:build: .output/public/assets/checkbox-eOk-wv64.js                                       4.27 kB Γöé gzip:   1.82 kB
web:build: .output/public/assets/Exam.es-Zy_r3woy.js                                        4.47 kB Γöé gzip:   1.40 kB
web:build: .output/public/assets/dist-B8ONwAhw.js                                           4.74 kB Γöé gzip:   1.99 kB
web:build: .output/public/assets/dist-aYlDBUCF.js                                           4.75 kB Γöé gzip:   1.72 kB
web:build: .output/public/assets/referrals-CGnO5AAi.js                                      4.93 kB Γöé gzip:   1.79 kB
web:build: .output/public/assets/alert-dialog-B2Bu3XpE.js                                   5.01 kB Γöé gzip:   1.81 kB
web:build: .output/public/assets/mobile-carousel-Ckwewzhe.js                                5.02 kB Γöé gzip:   1.92 kB
web:build: .output/public/assets/dist-BdPv3loD.js                                           5.27 kB Γöé gzip:   2.01 kB
web:build: .output/public/assets/avatar-g3jRDcYM.js                                         5.39 kB Γöé gzip:   2.13 kB
web:build: .output/public/assets/practice-CK9lAKTq.js                                       5.54 kB Γöé gzip:   1.92 kB
web:build: .output/public/assets/EyeSlash.es-BOOa_5Gj.js                                    5.56 kB Γöé gzip:   2.07 kB
web:build: .output/public/assets/dashboard-content-UT1-C07W.js                              5.57 kB Γöé gzip:   1.70 kB
web:build: .output/public/assets/_sesiId-NRzGxzGu.js                                        5.64 kB Γöé gzip:   1.59 kB
web:build: .output/public/assets/forgot-password-BEe4tW18.js                                5.85 kB Γöé gzip:   2.29 kB
web:build: .output/public/assets/register-B8T_FOOX.js                                       6.18 kB Γöé gzip:   1.91 kB
web:build: .output/public/assets/dist-DALlDTlW.js                                           6.38 kB Γöé gzip:   2.50 kB
web:build: .output/public/assets/_authenticated-G2nNlhgh.js                                 6.46 kB Γöé gzip:   2.27 kB
web:build: .output/public/assets/latihan-soal-KSB-nBDC.js                                   6.63 kB Γöé gzip:   2.45 kB
web:build: .output/public/assets/_tryoutId-CwryCagL.js                                      6.80 kB Γöé gzip:   2.41 kB
web:build: .output/public/assets/practice-packs-BeMYcKLc.js                                 6.92 kB Γöé gzip:   2.42 kB
web:build: .output/public/assets/motion-CTUIwevn.js                                         7.12 kB Γöé gzip:   3.06 kB
web:build: .output/public/assets/flashcard.intro-CwmSN7ED.js                                7.41 kB Γöé gzip:   1.90 kB
web:build: .output/public/assets/_shortName-BoBenynL.js                                     8.08 kB Γöé gzip:   2.75 kB
web:build: .output/public/assets/classes-B1Yi7SJK.js                                        8.44 kB Γöé gzip:   2.83 kB
web:build: .output/public/assets/_id-CV32Q9uY.js                                            8.47 kB Γöé gzip:   2.92 kB
web:build: .output/public/assets/useQuery-DTxlwlrh.js                                       8.75 kB Γöé gzip:   3.20 kB
web:build: .output/public/assets/questions-Bjf2fm2i.js                                      9.70 kB Γöé gzip:   3.05 kB
web:build: .output/public/assets/_contentId.video-DHnLZfX3.js                              10.38 kB Γöé gzip:   3.29 kB
web:build: .output/public/assets/_contentId.latihan-soal-BiIlcLJk.js                       11.01 kB Γöé gzip:   3.50 kB
web:build: .output/public/assets/tryout-DIDd8Cmf.js                                        11.33 kB Γöé gzip:   3.03 kB
web:build: .output/public/assets/flashcard.result-BL1EqxfN.js                              11.87 kB Γöé gzip:   3.77 kB
web:build: .output/public/assets/test-DvThLFoF.js                                          13.19 kB Γöé gzip:   4.08 kB
web:build: .output/public/assets/profile-Dklpf4Zg.js                                       13.51 kB Γöé gzip:   4.24 kB
web:build: .output/public/assets/with-selector-Dnj0iVGr.js                                 13.69 kB Γöé gzip:   4.85 kB
web:build: .output/public/assets/question-form-aM_33ECZ.js                                 13.74 kB Γöé gzip:   4.66 kB
web:build: .output/public/assets/home-premium-CoP6-Rvr.js                                  14.39 kB Γöé gzip:   3.88 kB
web:build: .output/public/assets/flashcard.index-vmo0BZnf.js                               16.71 kB Γöé gzip:   5.00 kB
web:build: .output/public/assets/dashboard-OpgyimiF.js                                     17.76 kB Γöé gzip:   5.36 kB
web:build: .output/public/assets/youtube-FBSOuGn6.js                                       18.00 kB Γöé gzip:   6.29 kB
web:build: .output/public/assets/premium-BGW9YpOt.js                                       18.18 kB Γöé gzip:   4.58 kB
web:build: .output/public/assets/Combination-CGf-o8rr.js                                   20.01 kB Γöé gzip:   7.22 kB
web:build: .output/public/assets/pagination-BfkinZSP.js                                    20.04 kB Γöé gzip:   5.89 kB
web:build: .output/public/assets/content-ATsnW60e.js                                       21.49 kB Γöé gzip:   6.89 kB
web:build: .output/public/assets/bundling-card-BfVntDfv.js                                 23.23 kB Γöé gzip:   6.95 kB
web:build: .output/public/assets/_id-C7YsIrH0.js                                           24.68 kB Γöé gzip:   6.67 kB
web:build: .output/public/assets/utils-BbAKJcwp.js                                         26.41 kB Γöé gzip:   8.43 kB
web:build: .output/public/assets/_id-qzqBxYMK.js                                           26.94 kB Γöé gzip:   6.68 kB
web:build: .output/public/assets/preload-helper-D-D_YLSV.js                                28.61 kB Γöé gzip:  10.26 kB
web:build: .output/public/assets/is-svg-component-D1xHdGVt.js                              31.82 kB Γöé gzip:  11.53 kB
web:build: .output/public/assets/get-user-Z2tpIv-6.js                                      35.78 kB Γöé gzip:  11.66 kB
web:build: .output/public/assets/useForm-hf88U3uG.js                                       39.89 kB Γöé gzip:  10.64 kB
web:build: .output/public/assets/admin-Drr42EFG.js                                         40.28 kB Γöé gzip:  12.31 kB
web:build: .output/public/assets/auth-client-CiOp-PJl.js                                   41.86 kB Γöé gzip:  14.95 kB
web:build: .output/public/assets/dist-DRxKNBNm.js                                          44.04 kB Γöé gzip:  14.98 kB
web:build: .output/public/assets/proxy-ddx8Sl0a.js                                         45.68 kB Γöé gzip:  13.72 kB
web:build: .output/public/assets/Match-BdE5jdjr.js                                         49.54 kB Γöé gzip:  15.75 kB
web:build: .output/public/assets/routes-X6-qJZ1G.js                                        54.20 kB Γöé gzip:  12.62 kB
web:build: .output/public/assets/users-Y9hft6RD.js                                         65.97 kB Γöé gzip:  20.33 kB
web:build: .output/public/assets/simple-editor-CkoHzfcB.js                                141.05 kB Γöé gzip:  41.34 kB
web:build: .output/public/assets/out-CmQtcfLt.js                                          151.71 kB Γöé gzip:  45.96 kB
web:build: .output/public/assets/dist-CZrXMwbB.js                                         375.71 kB Γöé gzip: 116.97 kB
web:build: .output/public/assets/main-mE_VZGOc.js                                         386.78 kB Γöé gzip: 121.17 kB
web:build: 
web:build: [32mΓ£ô built in 4.89s[39m
web:build: [36mvite v8.0.3 [32mbuilding ssr environment for production...[36m[39m
web:build: [2K
web:build: transforming...Γ£ô 565 modules transformed.
web:build: rendering chunks...
web:build: computing gzip size...
web:build: node_modules/.nitro/vite/services/ssr/assets/plus-jakarta-sans-vietnamese-wght-normal-qRpaaN48.woff2    8.35 kB
web:build: node_modules/.nitro/vite/services/ssr/assets/plus-jakarta-sans-latin-ext-wght-normal-DmpS2jIq.woff2    21.72 kB
web:build: node_modules/.nitro/vite/services/ssr/assets/plus-jakarta-sans-latin-wght-normal-eXO_dkmS.woff2        27.34 kB
web:build: node_modules/.nitro/vite/services/ssr/assets/renderer-C6vjJsOO.css                                      1.56 kB Γöé gzip:  0.56 kB
web:build: node_modules/.nitro/vite/services/ssr/assets/simple-editor-Cfvi3RfU.css                                57.73 kB Γöé gzip:  7.38 kB
web:build: node_modules/.nitro/vite/services/ssr/assets/index-JDOUPftA.css                                       172.91 kB Γöé gzip: 31.28 kB
web:build: node_modules/.nitro/vite/services/ssr/assets/utils-CA3JO0rB.js                                          0.18 kB Γöé gzip:  0.15 kB
web:build: node_modules/.nitro/vite/services/ssr/assets/start-Dz2K1twq.js                                          0.21 kB Γöé gzip:  0.17 kB
web:build: node_modules/.nitro/vite/services/ssr/assets/lazy-tiptap-simple-editor-Ya_GaVQ_.js                      0.24 kB Γöé gzip:  0.18 kB
web:build: node_modules/.nitro/vite/services/ssr/assets/auth-domain-D-e76Zbu.js                                    0.27 kB Γöé gzip:  0.19 kB
web:build: node_modules/.nitro/vite/services/ssr/assets/_id-C_ThHKcX.js                                            0.34 kB Γöé gzip:  0.22 kB
web:build: node_modules/.nitro/vite/services/ssr/assets/tryout-Du8Ryrma.js                                         0.34 kB Γöé gzip:  0.22 kB
web:build: node_modules/.nitro/vite/services/ssr/assets/dashboard-DMraeyFS.js                                      0.35 kB Γöé gzip:  0.22 kB
web:build: node_modules/.nitro/vite/services/ssr/assets/classes-CqFSdTK5.js                                        0.35 kB Γöé gzip:  0.22 kB
web:build: node_modules/.nitro/vite/services/ssr/assets/_id-ByACYlUR.js                                            0.35 kB Γöé gzip:  0.22 kB
web:build: node_modules/.nitro/vite/services/ssr/assets/home-premium-DHXm1v7a.js                                   0.35 kB Γöé gzip:  0.22 kB
web:build: node_modules/.nitro/vite/services/ssr/assets/create-oD_eRtka.js                                         0.35 kB Γöé gzip:  0.22 kB
web:build: node_modules/.nitro/vite/services/ssr/assets/_id-D2zqLKiF.js                                            0.36 kB Γöé gzip:  0.23 kB
web:build: node_modules/.nitro/vite/services/ssr/assets/skeleton-DI4r4JZL.js                                       0.36 kB Γöé gzip:  0.27 kB
web:build: node_modules/.nitro/vite/services/ssr/assets/profile-BKyYgCKt.js                                        0.36 kB Γöé gzip:  0.23 kB
web:build: node_modules/.nitro/vite/services/ssr/assets/create-CQ7SNcKL.js                                         0.37 kB Γöé gzip:  0.22 kB
web:build: node_modules/.nitro/vite/services/ssr/assets/practice-packs-CC_hgEit.js                                 0.37 kB Γöé gzip:  0.23 kB
web:build: node_modules/.nitro/vite/services/ssr/assets/_auth-CFGAJG3a.js                                          0.37 kB Γöé gzip:  0.27 kB
web:build: node_modules/.nitro/vite/services/ssr/assets/dashboard-content-9mLS2tEd.js                              0.37 kB Γöé gzip:  0.23 kB
web:build: node_modules/.nitro/vite/services/ssr/assets/latihan-soal-D3oyYdgF.js                                   0.38 kB Γöé gzip:  0.23 kB
web:build: node_modules/.nitro/vite/services/ssr/assets/_contentId-B9cVC1AM.js                                     0.39 kB Γöé gzip:  0.23 kB
web:build: node_modules/.nitro/vite/services/ssr/assets/riwayat-BRLBhsge.js                                        0.39 kB Γöé gzip:  0.24 kB
web:build: node_modules/.nitro/vite/services/ssr/assets/flashcard.index-tAgrljjB.js                                0.40 kB Γöé gzip:  0.24 kB
web:build: node_modules/.nitro/vite/services/ssr/assets/flashcard.intro-DPI4Ke8e.js                                0.40 kB Γöé gzip:  0.24 kB
web:build: node_modules/.nitro/vite/services/ssr/assets/_contentId-Cx6IZBVo.js                                     0.40 kB Γöé gzip:  0.24 kB
web:build: node_modules/.nitro/vite/services/ssr/assets/_contentId.notes-ybx-YF-p.js                               0.40 kB Γöé gzip:  0.24 kB
web:build: node_modules/.nitro/vite/services/ssr/assets/_contentId.video-DWHZ20iT.js                               0.40 kB Γöé gzip:  0.24 kB
web:build: node_modules/.nitro/vite/services/ssr/assets/flashcard.result-Dpfahg0J.js                               0.40 kB Γöé gzip:  0.24 kB
web:build: node_modules/.nitro/vite/services/ssr/assets/api-base-url-LeoLd44f.js                                   0.42 kB Γöé gzip:  0.24 kB
web:build: node_modules/.nitro/vite/services/ssr/assets/_contentId.notes-DR8UlGfi.js                               0.42 kB Γöé gzip:  0.25 kB
web:build: node_modules/.nitro/vite/services/ssr/assets/_contentId.video-CRPZ5tDB.js                               0.42 kB Γöé gzip:  0.25 kB
web:build: node_modules/.nitro/vite/services/ssr/assets/_contentId.latihan-soal-CkQqdvA2.js                        0.43 kB Γöé gzip:  0.25 kB
web:build: node_modules/.nitro/vite/services/ssr/assets/use-debounce-value-DeW30CyA.js                             0.44 kB Γöé gzip:  0.25 kB
web:build: node_modules/.nitro/vite/services/ssr/assets/container-BmM3GdGL.js                                      0.44 kB Γöé gzip:  0.31 kB
web:build: node_modules/.nitro/vite/services/ssr/assets/_contentId.latihan-soal-pD-ZnoSq.js                        0.44 kB Γöé gzip:  0.25 kB
web:build: node_modules/.nitro/vite/services/ssr/assets/_shortName-B5orxWb0.js                                     0.45 kB Γöé gzip:  0.27 kB
web:build: node_modules/.nitro/vite/services/ssr/assets/_id-CWciKOlE.js                                            0.45 kB Γöé gzip:  0.28 kB
web:build: node_modules/.nitro/vite/services/ssr/assets/_shortName-Cox7lHg6.js                                     0.47 kB Γöé gzip:  0.28 kB
web:build: node_modules/.nitro/vite/services/ssr/assets/avatar-CrxQKB-I.js                                         0.49 kB Γöé gzip:  0.25 kB
web:build: node_modules/.nitro/vite/services/ssr/assets/users-B641JfQn.js                                          0.52 kB Γöé gzip:  0.30 kB
web:build: node_modules/.nitro/vite/services/ssr/assets/_id-DfH7hpTV.js                                            0.53 kB Γöé gzip:  0.30 kB
web:build: node_modules/.nitro/vite/services/ssr/assets/referrals-CdJmrxKQ.js                                      0.53 kB Γöé gzip:  0.29 kB
web:build: node_modules/.nitro/vite/services/ssr/assets/error-CnOMBWxp.js                                          0.53 kB Γöé gzip:  0.30 kB
web:build: node_modules/.nitro/vite/services/ssr/assets/login-Bq5iFpJV.js                                          0.54 kB Γöé gzip:  0.34 kB
web:build: node_modules/.nitro/vite/services/ssr/assets/auth-routing-sRAuZUht.js                                   0.54 kB Γöé gzip:  0.29 kB
web:build: node_modules/.nitro/vite/services/ssr/assets/finish-BNtUSvZC.js                                         0.54 kB Γöé gzip:  0.30 kB
web:build: node_modules/.nitro/vite/services/ssr/assets/unfinish-axXqfFbi.js                                       0.54 kB Γöé gzip:  0.30 kB
web:build: node_modules/.nitro/vite/services/ssr/assets/register-RIXbbG7t.js                                       0.55 kB Γöé gzip:  0.35 kB
web:build: node_modules/.nitro/vite/services/ssr/assets/session-BDRhtL4t.js                                        0.56 kB Γöé gzip:  0.33 kB
web:build: node_modules/.nitro/vite/services/ssr/assets/tryout-cWOyYw9T.js                                         0.57 kB Γöé gzip:  0.35 kB
web:build: node_modules/.nitro/vite/services/ssr/assets/questions-Di5rRNTo.js                                      0.57 kB Γöé gzip:  0.32 kB
web:build: node_modules/.nitro/vite/services/ssr/assets/_sesiId-BZlhV9GS.js                                        0.58 kB Γöé gzip:  0.35 kB
web:build: node_modules/.nitro/vite/services/ssr/assets/dashboard-BpxWqgTC.js                                      0.58 kB Γöé gzip:  0.35 kB
web:build: node_modules/.nitro/vite/services/ssr/assets/_tryoutId-D5lp38u6.js                                      0.59 kB Γöé gzip:  0.35 kB
web:build: node_modules/.nitro/vite/services/ssr/assets/label-DUWas3DP.js                                          0.59 kB Γöé gzip:  0.37 kB
web:build: node_modules/.nitro/vite/services/ssr/assets/classes-5pHgnfjt.js                                        0.59 kB Γöé gzip:  0.37 kB
web:build: node_modules/.nitro/vite/services/ssr/assets/premium-D9suy05k.js                                        0.60 kB Γöé gzip:  0.36 kB
web:build: node_modules/.nitro/vite/services/ssr/assets/use-mobile-CNJbMggn.js                                     0.60 kB Γöé gzip:  0.34 kB
web:build: node_modules/.nitro/vite/services/ssr/assets/reset-password-yeQ00H2P.js                                 0.62 kB Γöé gzip:  0.37 kB
web:build: node_modules/.nitro/vite/services/ssr/assets/routes-B36fSGMY.js                                         0.62 kB Γöé gzip:  0.40 kB
web:build: node_modules/.nitro/vite/services/ssr/assets/_auth-BfSB6fL9.js                                          0.64 kB Γöé gzip:  0.37 kB
web:build: node_modules/.nitro/vite/services/ssr/assets/separator-DMgSCFZN.js                                      0.64 kB Γöé gzip:  0.36 kB
web:build: node_modules/.nitro/vite/services/ssr/assets/back-button-Dt-Hgehs.js                                    0.65 kB Γöé gzip:  0.40 kB
web:build: node_modules/.nitro/vite/services/ssr/assets/auth-session-6A1PPc5n.js                                   0.67 kB Γöé gzip:  0.36 kB
web:build: node_modules/.nitro/vite/services/ssr/assets/collapsible-CxouDPMb.js                                    0.73 kB Γöé gzip:  0.28 kB
web:build: node_modules/.nitro/vite/services/ssr/assets/forgot-password-pEDK5zj-.js                                0.73 kB Γöé gzip:  0.41 kB
web:build: node_modules/.nitro/vite/services/ssr/assets/test-dW-mT63y.js                                           0.76 kB Γöé gzip:  0.40 kB
web:build: node_modules/.nitro/vite/services/ssr/assets/use-is-breakpoint-3zsdhse_.js                              0.85 kB Γöé gzip:  0.45 kB
web:build: node_modules/.nitro/vite/services/ssr/assets/textarea-CmhMfB0v.js                                       0.85 kB Γöé gzip:  0.49 kB
web:build: node_modules/.nitro/vite/services/ssr/assets/_authenticated-Ds0g32L1.js                                 0.92 kB Γöé gzip:  0.51 kB
web:build: node_modules/.nitro/vite/services/ssr/assets/avatar-BO4qXiZq.js                                         0.95 kB Γöé gzip:  0.41 kB
web:build: node_modules/.nitro/vite/services/ssr/assets/input-xO6td3Gd.js                                          0.95 kB Γöé gzip:  0.54 kB
web:build: node_modules/.nitro/vite/services/ssr/assets/pagination-BfnYDD2V.js                                     0.98 kB Γöé gzip:  0.47 kB
web:build: node_modules/.nitro/vite/services/ssr/assets/switch-2aMv44XB.js                                         1.04 kB Γöé gzip:  0.55 kB
web:build: node_modules/.nitro/vite/services/ssr/assets/admin-sQaOXyZm.js                                          1.09 kB Γöé gzip:  0.56 kB
web:build: node_modules/.nitro/vite/services/ssr/assets/get-user-BE3NSBvS.js                                       1.17 kB Γöé gzip:  0.63 kB
web:build: node_modules/.nitro/vite/services/ssr/assets/use-payment-status-CxAaodVg.js                             1.18 kB Γöé gzip:  0.55 kB
web:build: node_modules/.nitro/vite/services/ssr/assets/checkbox-19SQol95.js                                       1.19 kB Γöé gzip:  0.57 kB
web:build: node_modules/.nitro/vite/services/ssr/assets/get-user-CNJetBTQ.js                                       1.21 kB Γöé gzip:  0.64 kB
web:build: node_modules/.nitro/vite/services/ssr/assets/loader-DuEUosap.js                                         1.23 kB Γöé gzip:  0.63 kB
web:build: node_modules/.nitro/vite/services/ssr/assets/renderer-CS-A1p2F.js                                       1.23 kB Γöé gzip:  0.59 kB
web:build: node_modules/.nitro/vite/services/ssr/assets/badge-8ejXoUHt.js                                          1.44 kB Γöé gzip:  0.69 kB
web:build: node_modules/.nitro/vite/services/ssr/assets/youtube-DoqlFGaa.js                                        1.46 kB Γöé gzip:  0.73 kB
web:build: node_modules/.nitro/vite/services/ssr/assets/tabs-B5-A88Nq.js                                           1.50 kB Γöé gzip:  0.64 kB
web:build: node_modules/.nitro/vite/services/ssr/assets/card-Ry1Cn8sr.js                                           1.56 kB Γöé gzip:  0.53 kB
web:build: node_modules/.nitro/vite/services/ssr/assets/motion-components-DAfpiK2c.js                              1.57 kB Γöé gzip:  0.64 kB
web:build: node_modules/.nitro/vite/services/ssr/assets/orpc-BjgEeB_c.js                                           1.63 kB Γöé gzip:  0.75 kB
web:build: node_modules/.nitro/vite/services/ssr/assets/search-input-BAIuBTIw.js                                   1.69 kB Γöé gzip:  0.81 kB
web:build: node_modules/.nitro/vite/services/ssr/assets/classes-lpfcgB8-.js                                        1.71 kB Γöé gzip:  0.73 kB
web:build: node_modules/.nitro/vite/services/ssr/assets/table-BfvnjEc3.js                                          1.73 kB Γöé gzip:  0.60 kB
web:build: node_modules/.nitro/vite/services/ssr/assets/unfinish-DR_lZqz1.js                                       1.98 kB Γöé gzip:  0.83 kB
web:build: node_modules/.nitro/vite/services/ssr/assets/error-BKux03R5.js                                          1.99 kB Γöé gzip:  0.84 kB
web:build: node_modules/.nitro/vite/services/ssr/assets/finish-Bl16B-5n.js                                         2.05 kB Γöé gzip:  0.91 kB
web:build: node_modules/.nitro/vite/services/ssr/assets/seo-utils-BN0kXPbW.js                                      2.09 kB Γöé gzip:  0.75 kB
web:build: node_modules/.nitro/vite/services/ssr/assets/classes-qjlmbyri.js                                        2.13 kB Γöé gzip:  0.83 kB
web:build: node_modules/.nitro/vite/services/ssr/assets/_contentId-B4nqTpdt.js                                     2.38 kB Γöé gzip:  0.95 kB
web:build: node_modules/.nitro/vite/services/ssr/assets/is-admin-BRwXr2xc.js                                       2.58 kB Γöé gzip:  0.89 kB
web:build: node_modules/.nitro/vite/services/ssr/assets/_contentId.notes-DbQqMYA_.js                               2.62 kB Γöé gzip:  1.00 kB
web:build: node_modules/.nitro/vite/services/ssr/assets/dashboard-ClwIbX6W.js                                      2.63 kB Γöé gzip:  1.03 kB
web:build: node_modules/.nitro/vite/services/ssr/assets/button-Oi3HCiBP.js                                         2.74 kB Γöé gzip:  1.07 kB
web:build: node_modules/.nitro/vite/services/ssr/assets/dropdown-menu-DxKCxbd6.js                                  2.98 kB Γöé gzip:  0.96 kB
web:build: node_modules/.nitro/vite/services/ssr/assets/sheet-COht8PLr.js                                          3.32 kB Γöé gzip:  1.00 kB
web:build: node_modules/.nitro/vite/services/ssr/assets/_contentId.video-CnVc_Xtk.js                               3.41 kB Γöé gzip:  1.23 kB
web:build: node_modules/.nitro/vite/services/ssr/assets/dialog-DkpQz9ve.js                                         3.41 kB Γöé gzip:  1.04 kB
web:build: node_modules/.nitro/vite/services/ssr/assets/latihan-soal-GJVrFLr7.js                                   3.51 kB Γöé gzip:  1.22 kB
web:build: node_modules/.nitro/vite/services/ssr/assets/alert-dialog-DhGuJKoD.js                                   3.53 kB Γöé gzip:  0.96 kB
web:build: node_modules/.nitro/vite/services/ssr/assets/dashboard-layout-DFFREZ4e.js                               3.60 kB Γöé gzip:  1.40 kB
web:build: node_modules/.nitro/vite/services/ssr/assets/mobile-carousel-BaFIwkIX.js                                3.61 kB Γöé gzip:  1.30 kB
web:build: node_modules/.nitro/vite/services/ssr/assets/_shortName-B8eODSt2.js                                     3.71 kB Γöé gzip:  1.32 kB
web:build: node_modules/.nitro/vite/services/ssr/assets/create-D6MIyBGj.js                                         4.02 kB Γöé gzip:  1.39 kB
web:build: node_modules/.nitro/vite/services/ssr/assets/riwayat-WzUwR5Wr.js                                        4.18 kB Γöé gzip:  1.36 kB
web:build: node_modules/.nitro/vite/services/ssr/assets/_contentId.latihan-soal-DlmGPlTC.js                        4.22 kB Γöé gzip:  1.40 kB
web:build: node_modules/.nitro/vite/services/ssr/assets/create-rmVKnlJm.js                                         4.87 kB Γöé gzip:  1.57 kB
web:build: node_modules/.nitro/vite/services/ssr/assets/_id-vynNbbqh.js                                            4.89 kB Γöé gzip:  1.72 kB
web:build: node_modules/.nitro/vite/services/ssr/assets/session-DEvfUVMj.js                                        5.08 kB Γöé gzip:  1.64 kB
web:build: node_modules/.nitro/vite/services/ssr/assets/data-GIut5q11.js                                           5.08 kB Γöé gzip:  0.92 kB
web:build: node_modules/.nitro/vite/services/ssr/assets/reset-password-m7Xi4Kjj.js                                 5.11 kB Γöé gzip:  1.54 kB
web:build: node_modules/.nitro/vite/services/ssr/assets/practice-DF97TLXF.js                                       5.13 kB Γöé gzip:  1.51 kB
web:build: node_modules/.nitro/vite/services/ssr/assets/_contentId.notes-iJFCnF-j.js                               5.43 kB Γöé gzip:  1.75 kB
web:build: node_modules/.nitro/vite/services/ssr/assets/_id-C9rz5IEl.js                                            6.01 kB Γöé gzip:  1.80 kB
web:build: node_modules/.nitro/vite/services/ssr/assets/tryout-BN7WTJao.js                                         6.14 kB Γöé gzip:  1.92 kB
web:build: node_modules/.nitro/vite/services/ssr/assets/login-OPdp2zTz.js                                          6.76 kB Γöé gzip:  2.03 kB
web:build: node_modules/.nitro/vite/services/ssr/assets/_id-eR1CmQrx.js                                            7.08 kB Γöé gzip:  1.93 kB
web:build: node_modules/.nitro/vite/services/ssr/assets/_contentId-jE5ZjVPQ.js                                     7.21 kB Γöé gzip:  2.36 kB
web:build: node_modules/.nitro/vite/services/ssr/assets/referrals-BKALTure.js                                      8.29 kB Γöé gzip:  2.35 kB
web:build: node_modules/.nitro/vite/services/ssr/assets/_contentId.video-DWC9Xs1p.js                               8.39 kB Γöé gzip:  2.44 kB
web:build: node_modules/.nitro/vite/services/ssr/assets/_tryoutId-CsVCDt6P.js                                      8.46 kB Γöé gzip:  2.36 kB
web:build: node_modules/.nitro/vite/services/ssr/assets/_sesiId-DQNwXSWj.js                                        8.55 kB Γöé gzip:  1.97 kB
web:build: node_modules/.nitro/vite/services/ssr/assets/classes-BVWsaodk.js                                        8.62 kB Γöé gzip:  2.37 kB
web:build: node_modules/.nitro/vite/services/ssr/assets/forgot-password-D_8oXMyq.js                                8.75 kB Γöé gzip:  2.80 kB
web:build: node_modules/.nitro/vite/services/ssr/assets/dashboard-content-CN87gwRd.js                              9.77 kB Γöé gzip:  2.30 kB
web:build: node_modules/.nitro/vite/services/ssr/assets/_authenticated-NZV8N0RD.js                                10.53 kB Γöé gzip:  2.83 kB
web:build: node_modules/.nitro/vite/services/ssr/assets/flashcard.intro-BeUIA7y4.js                               10.54 kB Γöé gzip:  2.25 kB
web:build: node_modules/.nitro/vite/services/ssr/assets/register-BMfwjPXp.js                                      10.69 kB Γöé gzip:  2.44 kB
web:build: node_modules/.nitro/vite/services/ssr/assets/practice-packs-qNVxoEMz.js                                10.91 kB Γöé gzip:  3.03 kB
web:build: node_modules/.nitro/vite/services/ssr/assets/question-form-C2o4fv-Z.js                                 13.02 kB Γöé gzip:  3.50 kB
web:build: node_modules/.nitro/vite/services/ssr/assets/content-C_cfaIob.js                                       13.28 kB Γöé gzip:  3.58 kB
web:build: node_modules/.nitro/vite/services/ssr/assets/_shortName-2lS3UHJC.js                                    14.34 kB Γöé gzip:  3.62 kB
web:build: node_modules/.nitro/vite/services/ssr/assets/questions-D_shfHzt.js                                     15.16 kB Γöé gzip:  3.83 kB
web:build: node_modules/.nitro/vite/services/ssr/assets/_contentId.latihan-soal-BnyUEgiX.js                       16.15 kB Γöé gzip:  3.83 kB
web:build: node_modules/.nitro/vite/services/ssr/assets/test-Xh8RKzC3.js                                          16.45 kB Γöé gzip:  4.24 kB
web:build: node_modules/.nitro/vite/services/ssr/assets/tryout-CBWaItzw.js                                        16.88 kB Γöé gzip:  3.78 kB
web:build: node_modules/.nitro/vite/services/ssr/assets/flashcard.result-CZ-cHXPX.js                              17.72 kB Γöé gzip:  4.69 kB
web:build: node_modules/.nitro/vite/services/ssr/assets/profile-BF19ajKt.js                                       18.64 kB Γöé gzip:  4.59 kB
web:build: node_modules/.nitro/vite/services/ssr/assets/bundling-card-cBRsuIly.js                                 19.26 kB Γöé gzip:  4.81 kB
web:build: node_modules/.nitro/vite/services/ssr/assets/router-BlTjnP92.js                                        19.86 kB Γöé gzip:  4.35 kB
web:build: node_modules/.nitro/vite/services/ssr/assets/home-premium-CPYQj7Eo.js                                  21.41 kB Γöé gzip:  4.73 kB
web:build: node_modules/.nitro/vite/services/ssr/assets/admin-BjjIipEZ.js                                         22.20 kB Γöé gzip:  5.64 kB
web:build: node_modules/.nitro/vite/services/ssr/assets/users-Ds6Yt84C.js                                         22.80 kB Γöé gzip:  5.77 kB
web:build: node_modules/.nitro/vite/services/ssr/assets/flashcard.index-DUESz0-q.js                               26.31 kB Γöé gzip:  6.27 kB
web:build: node_modules/.nitro/vite/services/ssr/assets/_tanstack-start-manifest_v-BXgWjG1I.js                    26.71 kB Γöé gzip:  3.51 kB
web:build: node_modules/.nitro/vite/services/ssr/assets/dashboard-BhUnPKIJ.js                                     27.21 kB Γöé gzip:  6.78 kB
web:build: node_modules/.nitro/vite/services/ssr/assets/premium-MMhcibM3.js                                       28.65 kB Γöé gzip:  5.76 kB
web:build: node_modules/.nitro/vite/services/ssr/assets/_id-BEqHNqs-.js                                           37.16 kB Γöé gzip:  7.96 kB
web:build: node_modules/.nitro/vite/services/ssr/assets/_id-CPdRJXVP.js                                           40.19 kB Γöé gzip:  7.41 kB
web:build: node_modules/.nitro/vite/services/ssr/assets/routes-Dlz1y8Oh.js                                        62.81 kB Γöé gzip: 11.80 kB
web:build: node_modules/.nitro/vite/services/ssr/assets/auth-client-Crf5FXpB.js                                   75.21 kB Γöé gzip: 20.60 kB
web:build: node_modules/.nitro/vite/services/ssr/index.js                                                        155.25 kB Γöé gzip: 39.02 kB
web:build: node_modules/.nitro/vite/services/ssr/assets/simple-editor-BsxKTh8v.js                                162.26 kB Γöé gzip: 32.56 kB
web:build: 
web:build: [32mΓ£ô built in 2.53s[39m
web:build: 
web:build: [90m[[90mnitro[90m][39m [35mΓùÉ[39m Building [[35mNitro[39m] [2m(preset: [36mbun[39m, compatibility: [36m2026-05-19[39m)[22m
web:build: [90m[[90mnitro[90m][39m [32mΓ£ö[39m Generated public [36m.output/public[39m
web:build: [36mvite v8.0.3 [32mbuilding nitro environment for production...[36m[39m
web:build: [2K
web:build: transforming...Γ£ô 6638 modules transformed.
web:build: [36mΓä╣[39m Tracing dependencies:
web:build: - [36mtslib[39m (2.8.1)
web:build: [32mΓ£ö[39m Traced 1 dependencies (4 files) in 89ms.
web:build: [36mΓä╣[39m Ensure your production environment matches the builder OS and architecture ([36mwin32-x64[39m) to avoid native module issues.
web:build: rendering chunks...
web:build: computing gzip size...
web:build: .output/server/_ssr/start-Dz2K1twq.mjs                              0.14 kB Γöé gzip:   0.13 kB
web:build: .output/server/_ssr/auth-domain-D-e76Zbu.mjs                        0.24 kB Γöé gzip:   0.21 kB
web:build: .output/server/_libs/tanstack__router-core.mjs                      0.24 kB Γöé gzip:   0.17 kB
web:build: .output/server/_libs/tanstack__react-query-devtools.mjs             0.28 kB Γöé gzip:   0.21 kB
web:build: .output/server/_libs/@tanstack/react-router-devtools+[...].mjs      0.29 kB Γöé gzip:   0.21 kB
web:build: .output/server/_ssr/utils-CA3JO0rB.mjs                              0.29 kB Γöé gzip:   0.22 kB
web:build: .output/server/_ssr/lazy-tiptap-simple-editor-Ya_GaVQ_.mjs          0.29 kB Γöé gzip:   0.22 kB
web:build: .output/server/_libs/_.mjs                                          0.32 kB Γöé gzip:   0.18 kB
web:build: .output/server/_id-C_ThHKcX.mjs                                     0.40 kB Γöé gzip:   0.27 kB
web:build: .output/server/_id-ByACYlUR.mjs                                     0.40 kB Γöé gzip:   0.27 kB
web:build: .output/server/_ssr/tryout-Du8Ryrma.mjs                             0.40 kB Γöé gzip:   0.27 kB
web:build: .output/server/_ssr/classes-CqFSdTK5.mjs                            0.41 kB Γöé gzip:   0.27 kB
web:build: .output/server/_id-D2zqLKiF.mjs                                     0.41 kB Γöé gzip:   0.28 kB
web:build: .output/server/_ssr/create-oD_eRtka.mjs                             0.41 kB Γöé gzip:   0.27 kB
web:build: .output/server/_ssr/dashboard-DMraeyFS.mjs                          0.41 kB Γöé gzip:   0.27 kB
web:build: .output/server/_libs/tiptap__extension-text.mjs                     0.41 kB Γöé gzip:   0.28 kB
web:build: .output/server/_ssr/home-premium-DHXm1v7a.mjs                       0.42 kB Γöé gzip:   0.27 kB
web:build: .output/server/_ssr/profile-BKyYgCKt.mjs                            0.42 kB Γöé gzip:   0.27 kB
web:build: .output/server/_ssr/create-CQ7SNcKL.mjs                             0.42 kB Γöé gzip:   0.27 kB
web:build: .output/server/_libs/radix-ui__primitive.mjs                        0.42 kB Γöé gzip:   0.23 kB
web:build: .output/server/_ssr/practice-packs-CC_hgEit.mjs                     0.43 kB Γöé gzip:   0.27 kB
web:build: .output/server/_libs/tiptap__extension-document.mjs                 0.43 kB Γöé gzip:   0.30 kB
web:build: .output/server/_ssr/riwayat-BRLBhsge.mjs                            0.43 kB Γöé gzip:   0.28 kB
web:build: .output/server/_ssr/latihan-soal-D3oyYdgF.mjs                       0.43 kB Γöé gzip:   0.28 kB
web:build: .output/server/_contentId-B9cVC1AM.mjs                              0.43 kB Γöé gzip:   0.28 kB
web:build: .output/server/_ssr/dashboard-content-9mLS2tEd.mjs                  0.44 kB Γöé gzip:   0.28 kB
web:build: .output/server/_contentId-Cx6IZBVo.mjs                              0.44 kB Γöé gzip:   0.29 kB
web:build: .output/server/_ssr/flashcard.index-tAgrljjB.mjs                    0.44 kB Γöé gzip:   0.29 kB
web:build: .output/server/_ssr/flashcard.intro-DPI4Ke8e.mjs                    0.45 kB Γöé gzip:   0.29 kB
web:build: .output/server/_contentId.notes-ybx-YF-p.mjs                        0.45 kB Γöé gzip:   0.29 kB
web:build: .output/server/_contentId.video-DWHZ20iT.mjs                        0.45 kB Γöé gzip:   0.29 kB
web:build: .output/server/_ssr/flashcard.result-Dpfahg0J.mjs                   0.45 kB Γöé gzip:   0.29 kB
web:build: .output/server/_contentId.notes-DR8UlGfi.mjs                        0.46 kB Γöé gzip:   0.30 kB
web:build: .output/server/_contentId.video-CRPZ5tDB.mjs                        0.46 kB Γöé gzip:   0.30 kB
web:build: .output/server/_ssr/api-base-url-LeoLd44f.mjs                       0.46 kB Γöé gzip:   0.27 kB
web:build: .output/server/_contentId.latihan-soal-CkQqdvA2.mjs                 0.47 kB Γöé gzip:   0.30 kB
web:build: .output/server/_contentId.latihan-soal-pD-ZnoSq.mjs                 0.48 kB Γöé gzip:   0.30 kB
web:build: .output/server/_id-CWciKOlE.mjs                                     0.50 kB Γöé gzip:   0.33 kB
web:build: .output/server/_shortName-B5orxWb0.mjs                              0.50 kB Γöé gzip:   0.32 kB
web:build: .output/server/_shortName-Cox7lHg6.mjs                              0.51 kB Γöé gzip:   0.33 kB
web:build: .output/server/_ssr/skeleton-DI4r4JZL.mjs                           0.51 kB Γöé gzip:   0.34 kB
web:build: .output/server/_auth-CFGAJG3a.mjs                                   0.52 kB Γöé gzip:   0.32 kB
web:build: .output/server/_ssr/avatar-CrxQKB-I.mjs                             0.54 kB Γöé gzip:   0.29 kB
web:build: .output/server/_libs/radix-ui__react-direction.mjs                  0.55 kB Γöé gzip:   0.33 kB
web:build: .output/server/_id-DfH7hpTV.mjs                                     0.56 kB Γöé gzip:   0.36 kB
web:build: .output/server/_ssr/auth-routing-sRAuZUht.mjs                       0.57 kB Γöé gzip:   0.31 kB
web:build: .output/server/_ssr/error-CnOMBWxp.mjs                              0.57 kB Γöé gzip:   0.35 kB
web:build: .output/server/_ssr/finish-BNtUSvZC.mjs                             0.58 kB Γöé gzip:   0.35 kB
web:build: .output/server/_ssr/unfinish-axXqfFbi.mjs                           0.58 kB Γöé gzip:   0.35 kB
web:build: .output/server/_ssr/users-B641JfQn.mjs                              0.60 kB Γöé gzip:   0.35 kB
web:build: .output/server/_ssr/login-Bq5iFpJV.mjs                              0.60 kB Γöé gzip:   0.39 kB
web:build: .output/server/_ssr/session-BDRhtL4t.mjs                            0.61 kB Γöé gzip:   0.38 kB
web:build: .output/server/_ssr/referrals-CdJmrxKQ.mjs                          0.61 kB Γöé gzip:   0.35 kB
web:build: .output/server/_ssr/container-BmM3GdGL.mjs                          0.62 kB Γöé gzip:   0.39 kB
web:build: .output/server/_ssr/tryout-cWOyYw9T.mjs                             0.62 kB Γöé gzip:   0.39 kB
web:build: .output/server/_ssr/register-RIXbbG7t.mjs                           0.62 kB Γöé gzip:   0.40 kB
web:build: .output/server/_sesiId-BZlhV9GS.mjs                                 0.63 kB Γöé gzip:   0.40 kB
web:build: .output/server/_ssr/dashboard-BpxWqgTC.mjs                          0.64 kB Γöé gzip:   0.40 kB
web:build: .output/server/_tryoutId-D5lp38u6.mjs                               0.64 kB Γöé gzip:   0.40 kB
web:build: .output/server/_ssr/classes-5pHgnfjt.mjs                            0.65 kB Γöé gzip:   0.41 kB
web:build: .output/server/_ssr/premium-D9suy05k.mjs                            0.65 kB Γöé gzip:   0.41 kB
web:build: .output/server/_ssr/questions-Di5rRNTo.mjs                          0.65 kB Γöé gzip:   0.37 kB
web:build: .output/server/_ssr/use-debounce-value-DeW30CyA.mjs                 0.65 kB Γöé gzip:   0.37 kB
web:build: .output/server/_ssr/reset-password-yeQ00H2P.mjs                     0.68 kB Γöé gzip:   0.42 kB
web:build: .output/server/_ssr/routes-B36fSGMY.mjs                             0.69 kB Γöé gzip:   0.45 kB
web:build: .output/server/_ssr/auth-session-6A1PPc5n.mjs                       0.72 kB Γöé gzip:   0.40 kB
web:build: .output/server/_chunks/ssr-renderer.mjs                             0.72 kB Γöé gzip:   0.40 kB
web:build: .output/server/_auth-BfSB6fL9.mjs                                   0.72 kB Γöé gzip:   0.43 kB
web:build: .output/server/_ssr/label-DUWas3DP.mjs                              0.73 kB Γöé gzip:   0.44 kB
web:build: .output/server/_ssr/separator-DMgSCFZN.mjs                          0.78 kB Γöé gzip:   0.43 kB
web:build: .output/server/_ssr/use-mobile-CNJbMggn.mjs                         0.80 kB Γöé gzip:   0.45 kB
web:build: .output/server/_ssr/test-dW-mT63y.mjs                               0.81 kB Γöé gzip:   0.45 kB
web:build: .output/server/_ssr/forgot-password-pEDK5zj-.mjs                    0.82 kB Γöé gzip:   0.46 kB
web:build: .output/server/_ssr/back-button-Dt-Hgehs.mjs                        0.83 kB Γöé gzip:   0.45 kB
web:build: .output/server/_ssr/collapsible-CxouDPMb.mjs                        0.92 kB Γöé gzip:   0.37 kB
web:build: .output/server/_libs/radix-ui__react-label.mjs                      0.93 kB Γöé gzip:   0.50 kB
web:build: .output/server/_libs/radix-ui__react-arrow.mjs                      1.00 kB Γöé gzip:   0.52 kB
web:build: .output/server/_ssr/textarea-CmhMfB0v.mjs                           1.00 kB Γöé gzip:   0.57 kB
web:build: .output/server/_authenticated-Ds0g32L1.mjs                          1.00 kB Γöé gzip:   0.56 kB
web:build: .output/server/_ssr/use-is-breakpoint-3zsdhse_.mjs                  1.06 kB Γöé gzip:   0.57 kB
web:build: .output/server/_ssr/get-user-CNJetBTQ.mjs                           1.07 kB Γöé gzip:   0.58 kB
web:build: .output/server/_libs/tiptap__extension-subscript.mjs                1.07 kB Γöé gzip:   0.49 kB
web:build: .output/server/_libs/tiptap__extension-superscript.mjs              1.09 kB Γöé gzip:   0.49 kB
web:build: .output/server/_ssr/get-user-BE3NSBvS.mjs                           1.10 kB Γöé gzip:   0.60 kB
web:build: .output/server/_ssr/input-xO6td3Gd.mjs                              1.10 kB Γöé gzip:   0.61 kB
web:build: .output/server/_ssr/avatar-BO4qXiZq.mjs                             1.14 kB Γöé gzip:   0.49 kB
web:build: .output/server/_libs/hookable.mjs                                   1.16 kB Γöé gzip:   0.52 kB
web:build: .output/server/_ssr/admin-sQaOXyZm.mjs                              1.17 kB Γöé gzip:   0.61 kB
web:build: .output/server/_ssr/pagination-BfnYDD2V.mjs                         1.20 kB Γöé gzip:   0.53 kB
web:build: .output/server/_ssr/switch-2aMv44XB.mjs                             1.20 kB Γöé gzip:   0.62 kB
web:build: .output/server/_ssr/use-payment-status-CxAaodVg.mjs                 1.23 kB Γöé gzip:   0.58 kB
web:build: .output/server/_libs/fast-deep-equal.mjs                            1.31 kB Γöé gzip:   0.56 kB
web:build: .output/server/_libs/radix-ui__react-separator.mjs                  1.37 kB Γöé gzip:   0.62 kB
web:build: .output/server/_ssr/checkbox-19SQol95.mjs                           1.42 kB Γöé gzip:   0.65 kB
web:build: .output/server/_libs/unpic__react.mjs                               1.53 kB Γöé gzip:   0.68 kB
web:build: .output/server/_libs/tiptap__extension-code.mjs                     1.55 kB Γöé gzip:   0.69 kB
web:build: .output/server/_ssr/loader-DuEUosap.mjs                             1.56 kB Γöé gzip:   0.73 kB
web:build: .output/server/_libs/load-script.mjs                                1.56 kB Γöé gzip:   0.68 kB
web:build: .output/server/_libs/next-themes.mjs                                1.58 kB Γöé gzip:   0.93 kB
web:build: .output/server/_ssr/badge-8ejXoUHt.mjs                              1.64 kB Γöé gzip:   0.77 kB
web:build: .output/server/_ssr/orpc-BjgEeB_c.mjs                               1.69 kB Γöé gzip:   0.81 kB
web:build: .output/server/_libs/tiptap__extension-strike.mjs                   1.69 kB Γöé gzip:   0.74 kB
web:build: .output/server/_ssr/tabs-B5-A88Nq.mjs                               1.71 kB Γöé gzip:   0.73 kB
web:build: .output/server/_libs/tiptap__extension-hard-break.mjs               1.74 kB Γöé gzip:   0.79 kB
web:build: .output/server/_ssr/renderer-CS-A1p2F.mjs                           1.77 kB Γöé gzip:   0.73 kB
web:build: .output/server/_runtime.mjs                                         1.77 kB Γöé gzip:   0.81 kB
web:build: .output/server/_ssr/motion-components-DAfpiK2c.mjs                  1.78 kB Γöé gzip:   0.74 kB
web:build: .output/server/_ssr/youtube-DoqlFGaa.mjs                            1.78 kB Γöé gzip:   0.82 kB
web:build: .output/server/_libs/tiptap__extension-underline.mjs                1.80 kB Γöé gzip:   0.78 kB
web:build: .output/server/_ssr/card-Ry1Cn8sr.mjs                               1.83 kB Γöé gzip:   0.61 kB
web:build: .output/server/_libs/tiptap__extension-blockquote.mjs               2.00 kB Γöé gzip:   0.89 kB
web:build: .output/server/_ssr/classes-lpfcgB8-.mjs                            2.01 kB Γöé gzip:   0.78 kB
web:build: .output/server/_ssr/table-BfvnjEc3.mjs                              2.02 kB Γöé gzip:   0.67 kB
web:build: .output/server/_libs/tiptap__extension-text-align.mjs               2.04 kB Γöé gzip:   0.71 kB
web:build: .output/server/_ssr/search-input-BAIuBTIw.mjs                       2.04 kB Γöé gzip:   0.92 kB
web:build: .output/server/_ssr/seo-utils-BN0kXPbW.mjs                          2.09 kB Γöé gzip:   0.78 kB
web:build: .output/server/_libs/tiptap__extension-paragraph.mjs                2.10 kB Γöé gzip:   0.84 kB
web:build: .output/server/_libs/tiptap__extension-italic.mjs                   2.17 kB Γöé gzip:   0.85 kB
web:build: .output/server/_libs/ufo.mjs                                        2.21 kB Γöé gzip:   0.72 kB
web:build: .output/server/_libs/tiptap__extension-heading.mjs                  2.21 kB Γöé gzip:   0.93 kB
web:build: .output/server/_libs/@tiptap/extension-horizontal-rule+[...].mjs    2.29 kB Γöé gzip:   0.95 kB
web:build: .output/server/_ssr/error-BKux03R5.mjs                              2.31 kB Γöé gzip:   0.89 kB
web:build: .output/server/_ssr/unfinish-DR_lZqz1.mjs                           2.32 kB Γöé gzip:   0.88 kB
web:build: .output/server/_libs/tiptap__extension-bold.mjs                     2.33 kB Γöé gzip:   0.93 kB
web:build: .output/server/_libs/prop-types.mjs                                 2.39 kB Γöé gzip:   0.86 kB
web:build: .output/server/_libs/tiptap__extension-highlight.mjs                2.44 kB Γöé gzip:   0.98 kB
web:build: .output/server/_ssr/finish-Bl16B-5n.mjs                             2.44 kB Γöé gzip:   1.00 kB
web:build: .output/server/_ssr/classes-qjlmbyri.mjs                            2.49 kB Γöé gzip:   0.87 kB
web:build: .output/server/_ssr/is-admin-BRwXr2xc.mjs                           2.58 kB Γöé gzip:   0.91 kB
web:build: .output/server/_contentId-B4nqTpdt.mjs                              2.80 kB Γöé gzip:   1.03 kB
web:build: .output/server/_ssr/button-Oi3HCiBP.mjs                             2.98 kB Γöé gzip:   1.15 kB
web:build: .output/server/_ssr/dashboard-ClwIbX6W.mjs                          3.03 kB Γöé gzip:   1.10 kB
web:build: .output/server/_ssr/dropdown-menu-DxKCxbd6.mjs                      3.19 kB Γöé gzip:   1.05 kB
web:build: .output/server/_contentId.notes-DbQqMYA_.mjs                        3.19 kB Γöé gzip:   1.09 kB
web:build: .output/server/_libs/class-variance-authority+clsx.mjs              3.26 kB Γöé gzip:   1.27 kB
web:build: .output/server/_libs/radix-ui__react-collection.mjs                 3.27 kB Γöé gzip:   1.06 kB
web:build: .output/server/_libs/tiptap__extension-image.mjs                    3.59 kB Γöé gzip:   1.48 kB
web:build: .output/server/_ssr/sheet-COht8PLr.mjs                              3.76 kB Γöé gzip:   1.11 kB
web:build: .output/server/_ssr/dialog-DkpQz9ve.mjs                             3.86 kB Γöé gzip:   1.15 kB
web:build: .output/server/_libs/tiptap__starter-kit.mjs                        3.87 kB Γöé gzip:   0.87 kB
web:build: .output/server/_ssr/alert-dialog-DhGuJKoD.mjs                       3.93 kB Γöé gzip:   1.08 kB
web:build: .output/server/_contentId.video-CnVc_Xtk.mjs                        4.07 kB Γöé gzip:   1.31 kB
web:build: .output/server/_ssr/mobile-carousel-BaFIwkIX.mjs                    4.11 kB Γöé gzip:   1.40 kB
web:build: .output/server/_ssr/dashboard-layout-DFFREZ4e.mjs                   4.19 kB Γöé gzip:   1.51 kB
web:build: .output/server/_ssr/latihan-soal-GJVrFLr7.mjs                       4.20 kB Γöé gzip:   1.27 kB
web:build: .output/server/_shortName-B8eODSt2.mjs                              4.29 kB Γöé gzip:   1.42 kB
web:build: .output/server/_libs/radix-ui__react-switch.mjs                     4.39 kB Γöé gzip:   1.59 kB
web:build: .output/server/_ssr/create-D6MIyBGj.mjs                             4.81 kB Γöé gzip:   1.50 kB
web:build: .output/server/_ssr/riwayat-WzUwR5Wr.mjs                            4.88 kB Γöé gzip:   1.41 kB
web:build: .output/server/_contentId.latihan-soal-DlmGPlTC.mjs                 5.04 kB Γöé gzip:   1.50 kB
web:build: .output/server/_ssr/data-GIut5q11.mjs                               5.10 kB Γöé gzip:   0.94 kB
web:build: .output/server/_libs/radix-ui__react-collapsible.mjs                5.21 kB Γöé gzip:   1.57 kB
web:build: .output/server/_ssr/create-rmVKnlJm.mjs                             5.55 kB Γöé gzip:   1.65 kB
web:build: .output/server/_libs/tiptap__extension-typography.mjs               5.55 kB Γöé gzip:   1.15 kB
web:build: .output/server/_id-vynNbbqh.mjs                                     5.62 kB Γöé gzip:   1.81 kB
web:build: .output/server/_libs/radix-ui__react-tabs.mjs                       5.75 kB Γöé gzip:   1.71 kB
web:build: .output/server/_ssr/session-DEvfUVMj.mjs                            5.80 kB Γöé gzip:   1.69 kB
web:build: .output/server/_ssr/reset-password-m7Xi4Kjj.mjs                     5.97 kB Γöé gzip:   1.62 kB
web:build: .output/server/_ssr/practice-DF97TLXF.mjs                           6.15 kB Γöé gzip:   1.62 kB
web:build: .output/server/_contentId.notes-iJFCnF-j.mjs                        6.40 kB Γöé gzip:   1.87 kB
web:build: .output/server/_id-C9rz5IEl.mjs                                     6.63 kB Γöé gzip:   1.88 kB
web:build: .output/server/_libs/ark__util.mjs                                  6.77 kB Γöé gzip:   2.12 kB
web:build: .output/server/_libs/@tanstack/devtools-event-client+[...].mjs      6.77 kB Γöé gzip:   1.72 kB
web:build: .output/server/_ssr/tryout-BN7WTJao.mjs                             7.54 kB Γöé gzip:   2.03 kB
web:build: .output/server/_libs/react-hotkeys-hook.mjs                         7.71 kB Γöé gzip:   2.73 kB
web:build: .output/server/_ssr/login-OPdp2zTz.mjs                              7.85 kB Γöé gzip:   2.11 kB
web:build: .output/server/_libs/tanstack__react-query.mjs                      7.86 kB Γöé gzip:   1.98 kB
web:build: .output/server/_contentId-jE5ZjVPQ.mjs                              8.16 kB Γöé gzip:   2.45 kB
web:build: .output/server/_id-eR1CmQrx.mjs                                     8.22 kB Γöé gzip:   1.98 kB
web:build: .output/server/_libs/tiptap__extension-code-block.mjs               8.36 kB Γöé gzip:   2.51 kB
web:build: .output/server/_libs/@radix-ui/react-checkbox+[...].mjs             8.84 kB Γöé gzip:   2.59 kB
web:build: .output/server/_libs/@tanstack/react-form+[...].mjs                 9.49 kB Γöé gzip:   2.53 kB
web:build: .output/server/_ssr/forgot-password-D_8oXMyq.mjs                    9.67 kB Γöé gzip:   2.88 kB
web:build: .output/server/_contentId.video-DWC9Xs1p.mjs                        9.78 kB Γöé gzip:   2.55 kB
web:build: .output/server/_ssr/classes-BVWsaodk.mjs                            9.78 kB Γöé gzip:   2.45 kB
web:build: .output/server/_libs/date-fns__tz.mjs                               9.81 kB Γöé gzip:   2.79 kB
web:build: .output/server/_ssr/referrals-BKALTure.mjs                          9.90 kB Γöé gzip:   2.45 kB
web:build: .output/server/_tryoutId-CsVCDt6P.mjs                              10.11 kB Γöé gzip:   2.43 kB
web:build: .output/server/_sesiId-DQNwXSWj.mjs                                10.22 kB Γöé gzip:   2.04 kB
web:build: .output/server/_libs/radix-ui__react-popover.mjs                   10.63 kB Γöé gzip:   2.51 kB
web:build: .output/server/_libs/tanstack__history.mjs                         10.72 kB Γöé gzip:   3.13 kB
web:build: .output/server/_ssr/dashboard-content-CN87gwRd.mjs                 11.01 kB Γöé gzip:   2.39 kB
web:build: .output/server/_ssr/flashcard.intro-BeUIA7y4.mjs                   11.87 kB Γöé gzip:   2.33 kB
web:build: .output/server/_ssr/register-BMfwjPXp.mjs                          12.25 kB Γöé gzip:   2.51 kB
web:build: .output/server/_authenticated-NZV8N0RD.mjs                         12.47 kB Γöé gzip:   2.95 kB
web:build: .output/server/_libs/lodash.throttle.mjs                           12.59 kB Γöé gzip:   3.75 kB
web:build: .output/server/_ssr/practice-packs-qNVxoEMz.mjs                    12.68 kB Γöé gzip:   3.14 kB
web:build: .output/server/_libs/@radix-ui/react-avatar+[...].mjs              14.62 kB Γöé gzip:   4.07 kB
web:build: .output/server/_ssr/question-form-C2o4fv-Z.mjs                     14.78 kB Γöé gzip:   3.61 kB
web:build: .output/server/_ssr/content-C_cfaIob.mjs                           14.97 kB Γöé gzip:   3.70 kB
web:build: .output/server/_libs/debug+ms.mjs                                  15.84 kB Γöé gzip:   5.05 kB
web:build: .output/server/_libs/@orpc/tanstack-query+[...].mjs                15.95 kB Γöé gzip:   4.05 kB
web:build: .output/server/_shortName-2lS3UHJC.mjs                             16.07 kB Γöé gzip:   3.76 kB
web:build: .output/server/_ssr/questions-D_shfHzt.mjs                         17.51 kB Γöé gzip:   3.97 kB
web:build: .output/server/_contentId.latihan-soal-BnyUEgiX.mjs                18.18 kB Γöé gzip:   3.95 kB
web:build: .output/server/_ssr/test-Xh8RKzC3.mjs                              18.45 kB Γöé gzip:   4.37 kB
web:build: .output/server/_libs/@radix-ui/react-tooltip+[...].mjs             18.90 kB Γöé gzip:   4.43 kB
web:build: .output/server/_ssr/flashcard.result-CZ-cHXPX.mjs                  19.39 kB Γöé gzip:   4.76 kB
web:build: .output/server/_ssr/tryout-CBWaItzw.mjs                            19.56 kB Γöé gzip:   3.85 kB
web:build: .output/server/_ssr/router-BlTjnP92.mjs                            20.81 kB Γöé gzip:   4.43 kB
web:build: .output/server/_ssr/profile-BF19ajKt.mjs                           20.86 kB Γöé gzip:   4.71 kB
web:build: .output/server/_ssr/bundling-card-cBRsuIly.mjs                     21.13 kB Γöé gzip:   4.90 kB
web:build: .output/server/_libs/react-youtube+[...].mjs                       23.23 kB Γöé gzip:   5.53 kB
web:build: .output/server/_ssr/home-premium-CPYQj7Eo.mjs                      24.03 kB Γöé gzip:   4.79 kB
web:build: .output/server/_ssr/admin-BjjIipEZ.mjs                             24.50 kB Γöé gzip:   5.68 kB
web:build: .output/server/_ssr/users-Ds6Yt84C.mjs                             25.58 kB Γöé gzip:   5.84 kB
web:build: .output/server/_libs/h3+rou3+srvx.mjs                              25.67 kB Γöé gzip:   7.69 kB
web:build: .output/server/_libs/@floating-ui/core+[...].mjs                   25.82 kB Γöé gzip:   6.33 kB
web:build: .output/server/_libs/@floating-ui/dom+[...].mjs                    26.69 kB Γöé gzip:   6.76 kB
web:build: .output/server/_tanstack-start-manifest_v-BXgWjG1I.mjs             26.76 kB Γöé gzip:   3.55 kB
web:build: .output/server/_libs/tiptap__extension-list.mjs                    27.26 kB Γöé gzip:   6.23 kB
web:build: .output/server/_ssr/flashcard.index-DUESz0-q.mjs                   29.05 kB Γöé gzip:   6.34 kB
web:build: .output/server/_ssr/dashboard-BhUnPKIJ.mjs                         30.86 kB Γöé gzip:   6.85 kB
web:build: .output/server/_libs/fast-equals+tiptap__react.mjs                 31.25 kB Γöé gzip:   7.64 kB
web:build: .output/server/_ssr/premium-MMhcibM3.mjs                           31.93 kB Γöé gzip:   5.86 kB
web:build: .output/server/_libs/@tiptap/extensions+[...].mjs                  39.43 kB Γöé gzip:  10.65 kB
web:build: .output/server/_libs/@orpc/client+[...].mjs                        40.36 kB Γöé gzip:  10.62 kB
web:build: .output/server/_id-BEqHNqs-.mjs                                    40.90 kB Γöé gzip:   7.98 kB
web:build: .output/server/_id-CPdRJXVP.mjs                                    46.70 kB Γöé gzip:   7.58 kB
web:build: .output/server/_libs/unpic+unpic__core.mjs                         51.51 kB Γöé gzip:  11.14 kB
web:build: .output/server/_libs/sonner.mjs                                    52.02 kB Γöé gzip:  11.80 kB
web:build: .output/server/_libs/@tiptap/extension-link+[...].mjs              55.14 kB Γöé gzip:  19.14 kB
web:build: .output/server/_libs/tailwind-merge.mjs                            55.90 kB Γöé gzip:  12.02 kB
web:build: .output/server/_libs/@radix-ui/react-dropdown-menu+[...].mjs       58.96 kB Γöé gzip:  11.49 kB
web:build: .output/server/_libs/tanstack__query-core.mjs                      59.41 kB Γöé gzip:  12.10 kB
web:build: .output/server/_libs/arktype.mjs                                   61.63 kB Γöé gzip:  15.92 kB
web:build: .output/server/index.mjs                                           68.65 kB Γöé gzip:  16.77 kB
web:build: .output/server/_ssr/routes-Dlz1y8Oh.mjs                            69.77 kB Γöé gzip:  11.89 kB
web:build: .output/server/_ssr/auth-client-Crf5FXpB.mjs                       71.76 kB Γöé gzip:  20.23 kB
web:build: .output/server/_libs/@tanstack/form-core+[...].mjs                 78.52 kB Γöé gzip:  16.06 kB
web:build: .output/server/_libs/@radix-ui/react-alert-dialog+[...].mjs        82.41 kB Γöé gzip:  18.85 kB
web:build: .output/server/_libs/@floating-ui/react+[...].mjs                  97.53 kB Γöé gzip:  23.14 kB
web:build: .output/server/_libs/date-fns.mjs                                 106.32 kB Γöé gzip:  18.46 kB
web:build: .output/server/_libs/react-day-picker.mjs                         141.68 kB Γöé gzip:  26.67 kB
web:build: .output/server/_ssr/ssr.mjs                                       149.15 kB Γöé gzip:  38.13 kB
web:build: .output/server/_ssr/simple-editor-BsxKTh8v.mjs                    167.92 kB Γöé gzip:  32.17 kB
web:build: .output/server/_libs/ark__schema+ark__util.mjs                    212.00 kB Γöé gzip:  50.64 kB
web:build: .output/server/_libs/phosphor-icons__react.mjs                    247.32 kB Γöé gzip:  42.12 kB
web:build: .output/server/_libs/framer-motion.mjs                            369.81 kB Γöé gzip:  93.35 kB
web:build: .output/server/_libs/@tiptap/core+[...].mjs                       572.93 kB Γöé gzip: 140.24 kB
web:build: .output/server/_libs/@tanstack/react-router+[...].mjs             615.51 kB Γöé gzip: 128.78 kB
web:build: 
web:build: [32mΓ£ô built in 4.21s[39m
web:build: [36mΓä╣[39m Generated [36m.output/nitro.json[39m
web:build: 
web:build: [90m[[90mnitro[90m][39m [32mΓ£ö[39m You can preview this build using [36mnpx vite preview[39m

 Tasks:    6 successful, 6 total
Cached:    6 cached, 6 total
  Time:    107ms >>> FULL TURBO

